Archive member included to satisfy reference by file (symbol)

C:/NXP/S32DS_ARM_v2018.R1/Cross_Tools/gcc-6.3-arm32-eabi/arm-none-eabi/newlib/lib/thumb/v7e-m/fpv4-sp/hard\libc_nano.a(lib_a-exit.o)
                              C:/NXP/S32DS_ARM_v2018.R1/Cross_Tools/gcc-6.3-arm32-eabi/arm-none-eabi/newlib/lib/thumb/v7e-m/fpv4-sp/hard/crt0.o (exit)
C:/NXP/S32DS_ARM_v2018.R1/Cross_Tools/gcc-6.3-arm32-eabi/arm-none-eabi/newlib/lib/thumb/v7e-m/fpv4-sp/hard\libc_nano.a(lib_a-impure.o)
                              C:/NXP/S32DS_ARM_v2018.R1/Cross_Tools/gcc-6.3-arm32-eabi/arm-none-eabi/newlib/lib/thumb/v7e-m/fpv4-sp/hard\libc_nano.a(lib_a-exit.o) (_global_impure_ptr)
C:/NXP/S32DS_ARM_v2018.R1/Cross_Tools/gcc-6.3-arm32-eabi/arm-none-eabi/newlib/lib/thumb/v7e-m/fpv4-sp/hard\libc_nano.a(lib_a-init.o)
                              C:/NXP/S32DS_ARM_v2018.R1/Cross_Tools/gcc-6.3-arm32-eabi/arm-none-eabi/newlib/lib/thumb/v7e-m/fpv4-sp/hard/crt0.o (__libc_init_array)
C:/NXP/S32DS_ARM_v2018.R1/Cross_Tools/gcc-6.3-arm32-eabi/arm-none-eabi/newlib/lib/thumb/v7e-m/fpv4-sp/hard\libc_nano.a(lib_a-memset.o)
                              C:/NXP/S32DS_ARM_v2018.R1/Cross_Tools/gcc-6.3-arm32-eabi/arm-none-eabi/newlib/lib/thumb/v7e-m/fpv4-sp/hard/crt0.o (memset)
C:/NXP/S32DS_ARM_v2018.R1/Cross_Tools/gcc-6.3-arm32-eabi/arm-none-eabi/newlib/lib/thumb/v7e-m/fpv4-sp/hard\libc_nano.a(lib_a-strlen.o)
                              ./Sources/myUART.o (strlen)
C:/NXP/S32DS_ARM_v2018.R1/Cross_Tools/gcc-6.3-arm32-eabi/arm-none-eabi/newlib/lib/thumb/v7e-m/fpv4-sp/hard\libnosys.a(_exit.o)
                              C:/NXP/S32DS_ARM_v2018.R1/Cross_Tools/gcc-6.3-arm32-eabi/arm-none-eabi/newlib/lib/thumb/v7e-m/fpv4-sp/hard\libc_nano.a(lib_a-exit.o) (_exit)

Allocating common symbols
Common symbol       size              file

lpuart1_State       0x34              ./Generated_Code/lpuart1.o
g_xtal0ClkFreq      0x4               ./SDK/platform/drivers/src/clock/S32K1xx/clock_S32K1xx.o
adcRawValue_intern  0x2               ./Sources/myADC.o
adcMax_intern       0x2               ./Sources/myADC.o
g_RtcClkInFreq      0x4               ./SDK/platform/drivers/src/clock/S32K1xx/clock_S32K1xx.o
g_TClkFreq          0xc               ./SDK/platform/drivers/src/clock/S32K1xx/clock_S32K1xx.o
dmaController1_State
                    0x40              ./Generated_Code/dmaController1.o
dmaController1Chn0_State
                    0x10              ./Generated_Code/dmaController1.o

Discarded input sections

 .text          0x00000000        0x0 c:/nxp/s32ds_arm_v2018.r1/cross_tools/gcc-6.3-arm32-eabi/bin/../lib/gcc/arm-none-eabi/6.3.1/thumb/v7e-m/fpv4-sp/hard/crti.o
 .data          0x00000000        0x0 c:/nxp/s32ds_arm_v2018.r1/cross_tools/gcc-6.3-arm32-eabi/bin/../lib/gcc/arm-none-eabi/6.3.1/thumb/v7e-m/fpv4-sp/hard/crti.o
 .bss           0x00000000        0x0 c:/nxp/s32ds_arm_v2018.r1/cross_tools/gcc-6.3-arm32-eabi/bin/../lib/gcc/arm-none-eabi/6.3.1/thumb/v7e-m/fpv4-sp/hard/crti.o
 .text          0x00000000       0xa4 c:/nxp/s32ds_arm_v2018.r1/cross_tools/gcc-6.3-arm32-eabi/bin/../lib/gcc/arm-none-eabi/6.3.1/thumb/v7e-m/fpv4-sp/hard/crtbegin.o
 .data          0x00000000        0x4 c:/nxp/s32ds_arm_v2018.r1/cross_tools/gcc-6.3-arm32-eabi/bin/../lib/gcc/arm-none-eabi/6.3.1/thumb/v7e-m/fpv4-sp/hard/crtbegin.o
 .bss           0x00000000       0x1c c:/nxp/s32ds_arm_v2018.r1/cross_tools/gcc-6.3-arm32-eabi/bin/../lib/gcc/arm-none-eabi/6.3.1/thumb/v7e-m/fpv4-sp/hard/crtbegin.o
 .init_array    0x00000000        0x4 c:/nxp/s32ds_arm_v2018.r1/cross_tools/gcc-6.3-arm32-eabi/bin/../lib/gcc/arm-none-eabi/6.3.1/thumb/v7e-m/fpv4-sp/hard/crtbegin.o
 .fini_array    0x00000000        0x4 c:/nxp/s32ds_arm_v2018.r1/cross_tools/gcc-6.3-arm32-eabi/bin/../lib/gcc/arm-none-eabi/6.3.1/thumb/v7e-m/fpv4-sp/hard/crtbegin.o
 .eh_frame      0x00000000        0x0 c:/nxp/s32ds_arm_v2018.r1/cross_tools/gcc-6.3-arm32-eabi/bin/../lib/gcc/arm-none-eabi/6.3.1/thumb/v7e-m/fpv4-sp/hard/crtbegin.o
 .jcr           0x00000000        0x0 c:/nxp/s32ds_arm_v2018.r1/cross_tools/gcc-6.3-arm32-eabi/bin/../lib/gcc/arm-none-eabi/6.3.1/thumb/v7e-m/fpv4-sp/hard/crtbegin.o
 .tm_clone_table
                0x00000000        0x0 c:/nxp/s32ds_arm_v2018.r1/cross_tools/gcc-6.3-arm32-eabi/bin/../lib/gcc/arm-none-eabi/6.3.1/thumb/v7e-m/fpv4-sp/hard/crtbegin.o
 .comment       0x00000000       0xa1 c:/nxp/s32ds_arm_v2018.r1/cross_tools/gcc-6.3-arm32-eabi/bin/../lib/gcc/arm-none-eabi/6.3.1/thumb/v7e-m/fpv4-sp/hard/crtbegin.o
 .ARM.attributes
                0x00000000       0x34 c:/nxp/s32ds_arm_v2018.r1/cross_tools/gcc-6.3-arm32-eabi/bin/../lib/gcc/arm-none-eabi/6.3.1/thumb/v7e-m/fpv4-sp/hard/crtbegin.o
 .text          0x00000000       0x74 C:/NXP/S32DS_ARM_v2018.R1/Cross_Tools/gcc-6.3-arm32-eabi/arm-none-eabi/newlib/lib/thumb/v7e-m/fpv4-sp/hard/crt0.o
[...]
Memory Configuration

Name             Origin             Length             Attributes
m_interrupts     0x00000000         0x00000400         xr
m_flash_config   0x00000400         0x00000010         xr
m_text           0x00000410         0x0003fbf0         xr
m_data           0x1fffc000         0x00004000         rw
m_data_2         0x20000000         0x00003000         rw
*default*        0x00000000         0xffffffff

Linker script and memory map

LOAD c:/nxp/s32ds_arm_v2018.r1/cross_tools/gcc-6.3-arm32-eabi/bin/../lib/gcc/arm-none-eabi/6.3.1/thumb/v7e-m/fpv4-sp/hard/crti.o
LOAD c:/nxp/s32ds_arm_v2018.r1/cross_tools/gcc-6.3-arm32-eabi/bin/../lib/gcc/arm-none-eabi/6.3.1/thumb/v7e-m/fpv4-sp/hard/crtbegin.o
LOAD C:/NXP/S32DS_ARM_v2018.R1/Cross_Tools/gcc-6.3-arm32-eabi/arm-none-eabi/newlib/lib/thumb/v7e-m/fpv4-sp/hard/crt0.o
LOAD ./Sources/myUART.o
LOAD ./Sources/myADC.o
LOAD ./Sources/main.o
LOAD ./Sources/helper_functions.o
LOAD ./SDK/rtos/osif/osif_baremetal.o
LOAD ./SDK/platform/drivers/src/pins/pins_port_hw_access.o
LOAD ./SDK/platform/drivers/src/pins/pins_driver.o
LOAD ./SDK/platform/drivers/src/lpuart/lpuart_irq.o
LOAD ./SDK/platform/drivers/src/lpuart/lpuart_hw_access.o
LOAD ./SDK/platform/drivers/src/lpuart/lpuart_driver.o
LOAD ./SDK/platform/drivers/src/interrupt/interrupt_manager.o
LOAD ./SDK/platform/drivers/src/edma/edma_irq.o
LOAD ./SDK/platform/drivers/src/edma/edma_hw_access.o
LOAD ./SDK/platform/drivers/src/edma/edma_driver.o
LOAD ./SDK/platform/drivers/src/clock/S32K1xx/clock_S32K1xx.o
LOAD ./SDK/platform/drivers/src/adc/adc_driver.o
LOAD ./SDK/platform/devices/startup.o
LOAD ./SDK/platform/devices/S32K142/startup/system_S32K142.o
LOAD ./Project_Settings/Startup_Code/startup_S32K142.o
LOAD ./Generated_Code/pin_mux.o
LOAD ./Generated_Code/lpuart1.o
LOAD ./Generated_Code/dmaController1.o
LOAD ./Generated_Code/clockMan1.o
LOAD ./Generated_Code/adConv1.o
LOAD ./Generated_Code/Cpu.o
START GROUP
LOAD c:/nxp/s32ds_arm_v2018.r1/cross_tools/gcc-6.3-arm32-eabi/bin/../lib/gcc/arm-none-eabi/6.3.1/thumb/v7e-m/fpv4-sp/hard\libgcc.a
LOAD C:/NXP/S32DS_ARM_v2018.R1/Cross_Tools/gcc-6.3-arm32-eabi/arm-none-eabi/newlib/lib/thumb/v7e-m/fpv4-sp/hard\libc_nano.a
END GROUP
START GROUP
LOAD c:/nxp/s32ds_arm_v2018.r1/cross_tools/gcc-6.3-arm32-eabi/bin/../lib/gcc/arm-none-eabi/6.3.1/thumb/v7e-m/fpv4-sp/hard\libgcc.a
LOAD C:/NXP/S32DS_ARM_v2018.R1/Cross_Tools/gcc-6.3-arm32-eabi/arm-none-eabi/newlib/lib/thumb/v7e-m/fpv4-sp/hard\libc_nano.a
LOAD C:/NXP/S32DS_ARM_v2018.R1/Cross_Tools/gcc-6.3-arm32-eabi/arm-none-eabi/newlib/lib/thumb/v7e-m/fpv4-sp/hard\libnosys.a
END GROUP
START GROUP
LOAD c:/nxp/s32ds_arm_v2018.r1/cross_tools/gcc-6.3-arm32-eabi/bin/../lib/gcc/arm-none-eabi/6.3.1/thumb/v7e-m/fpv4-sp/hard\libgcc.a
LOAD C:/NXP/S32DS_ARM_v2018.R1/Cross_Tools/gcc-6.3-arm32-eabi/arm-none-eabi/newlib/lib/thumb/v7e-m/fpv4-sp/hard\libc_nano.a
LOAD C:/NXP/S32DS_ARM_v2018.R1/Cross_Tools/gcc-6.3-arm32-eabi/arm-none-eabi/newlib/lib/thumb/v7e-m/fpv4-sp/hard\libnosys.a
END GROUP
LOAD c:/nxp/s32ds_arm_v2018.r1/cross_tools/gcc-6.3-arm32-eabi/bin/../lib/gcc/arm-none-eabi/6.3.1/thumb/v7e-m/fpv4-sp/hard/crtend.o
LOAD c:/nxp/s32ds_arm_v2018.r1/cross_tools/gcc-6.3-arm32-eabi/bin/../lib/gcc/arm-none-eabi/6.3.1/thumb/v7e-m/fpv4-sp/hard/crtn.o
                0x00000400                HEAP_SIZE = DEFINED (__heap_size__)?__heap_size__:0x400
                0x00000400                STACK_SIZE = DEFINED (__stack_size__)?__stack_size__:0x400
                0x00000400                M_VECTOR_RAM_SIZE = DEFINED (__flash_vector_table__)?0x0:0x400

.interrupts     0x00000000      0x400
                0x00000000                __VECTOR_TABLE = .
                0x00000000                __interrupts_start__ = .
                0x00000000                . = ALIGN (0x4)
 *(.isr_vector)
 .isr_vector    0x00000000      0x400 ./Project_Settings/Startup_Code/startup_S32K142.o
                0x00000000                __isr_vector
                0x00000400                __interrupts_end__ = .
                0x00000400                . = ALIGN (0x4)

.flash_config   0x00000400       0x10
                0x00000400                . = ALIGN (0x4)
 *(.FlashConfig)
 .FlashConfig   0x00000400       0x10 ./Project_Settings/Startup_Code/startup_S32K142.o
                0x00000410                . = ALIGN (0x4)

.text           0x00000410     0x2fbc
                0x00000410                . = ALIGN (0x4)
 *(.text)
 .text          0x00000410       0x6c ./Project_Settings/Startup_Code/startup_S32K142.o
                0x00000410                Reset_Handler
                0x00000478                Reserved111_IRQHandler
                0x00000478                DebugMon_Handler
                0x00000478                Reserved88_IRQHandler
                0x00000478                CAN0_ORed_IRQHandler
                0x00000478                HardFault_Handler
                0x00000478                Reserved86_IRQHandler
                0x00000478                Reserved103_IRQHandler
                0x00000478                FTM2_Ovf_Reload_IRQHandler
                0x00000478                Reserved50_IRQHandler
                0x00000478                FTFC_Fault_IRQHandler
                0x00000478                FTM0_Ch6_Ch7_IRQHandler
                0x00000478                Reserved114_IRQHandler
                0x00000478                PendSV_Handler
                0x00000478                NMI_Handler
                0x00000478                Reserved89_IRQHandler
                0x00000478                ERM_double_fault_IRQHandler
                0x00000478                Reserved59_IRQHandler
                0x00000478                LPIT0_Ch0_IRQHandler
                0x00000478                Reserved99_IRQHandler
                0x00000478                FTM3_Ch6_Ch7_IRQHandler
                0x00000478                LPIT0_Ch3_IRQHandler
                0x00000478                Reserved92_IRQHandler
                0x00000478                FTM0_Ch4_Ch5_IRQHandler
                0x00000478                CAN1_Error_IRQHandler
                0x00000478                FTM3_Ch0_Ch1_IRQHandler
                0x00000478                SWI_IRQHandler
                0x00000478                ADC0_IRQHandler
                0x00000478                FTM2_Ch4_Ch5_IRQHandler
                0x00000478                UsageFault_Handler
                0x00000478                FTM0_Ovf_Reload_IRQHandler
                0x00000478                DefaultISR
                0x00000478                Reserved58_IRQHandler
                0x00000478                CAN1_ORed_0_15_MB_IRQHandler
                0x00000478                FTM1_Ch2_Ch3_IRQHandler
                0x00000478                Reserved82_IRQHandler
                0x00000478                CAN0_ORed_16_31_MB_IRQHandler
                0x00000478                LPI2C0_Slave_IRQHandler
                0x00000478                Reserved71_IRQHandler
                0x00000478                PORTD_IRQHandler
                0x00000478                Reserved69_IRQHandler
                0x00000478                PORTB_IRQHandler
                0x00000478                Reserved70_IRQHandler
                0x00000478                ADC1_IRQHandler
                0x00000478                FTM2_Ch2_Ch3_IRQHandler
                0x00000478                Reserved53_IRQHandler
                0x00000478                RTC_IRQHandler
                0x00000478                PDB0_IRQHandler
                0x00000478                Reserved54_IRQHandler
                0x00000478                FTM2_Ch6_Ch7_IRQHandler
                0x00000478                FTM3_Ch2_Ch3_IRQHandler
                0x00000478                FTM2_Ch0_Ch1_IRQHandler
                0x00000478                LPSPI1_IRQHandler
                0x00000478                LPUART1_RxTx_IRQHandler
                0x00000478                RTC_Seconds_IRQHandler
                0x00000478                Reserved108_IRQHandler
                0x00000478                Reserved72_IRQHandler
                0x00000478                Reserved110_IRQHandler
                0x00000478                Reserved107_IRQHandler
                0x00000478                Read_Collision_IRQHandler
                0x00000478                FTFC_IRQHandler
                0x00000478                FTM1_Ch6_Ch7_IRQHandler
                0x00000478                Reserved105_IRQHandler
                0x00000478                LPIT0_Ch1_IRQHandler
                0x00000478                FTM1_Ch4_Ch5_IRQHandler
                0x00000478                FTM3_Ovf_Reload_IRQHandler
                0x00000478                LPSPI0_IRQHandler
                0x00000478                WDOG_EWM_IRQHandler
                0x00000478                MemManage_Handler
                0x00000478                Reserved90_IRQHandler
                0x00000478                Reserved83_IRQHandler
                0x00000478                FTM0_Fault_IRQHandler
                0x00000478                Reserved48_IRQHandler
                0x00000478                SVC_Handler
                0x00000478                ERM_single_fault_IRQHandler
                0x00000478                FTM2_Fault_IRQHandler
                0x00000478                FTM0_Ch2_Ch3_IRQHandler
                0x00000478                Reserved109_IRQHandler
                0x00000478                FTM0_Ch0_Ch1_IRQHandler
                0x00000478                FTM3_Fault_IRQHandler
                0x00000478                RCM_IRQHandler
                0x00000478                Reserved100_IRQHandler
                0x00000478                Reserved91_IRQHandler
                0x00000478                CAN1_ORed_IRQHandler
                0x00000478                SCG_IRQHandler
                0x00000478                PDB1_IRQHandler
                0x00000478                Reserved81_IRQHandler
                0x00000478                Reserved46_IRQHandler
                0x00000478                Reserved45_IRQHandler
                0x00000478                CAN0_Error_IRQHandler
                0x00000478                Reserved112_IRQHandler
                0x00000478                LPI2C0_Master_IRQHandler
                0x00000478                FTM1_Fault_IRQHandler
                0x00000478                Reserved106_IRQHandler
                0x00000478                LVD_LVW_IRQHandler
                0x00000478                LPIT0_Ch2_IRQHandler
                0x00000478                Reserved51_IRQHandler
                0x00000478                PORTA_IRQHandler
                0x00000478                MCM_IRQHandler
                0x00000478                Reserved44_IRQHandler
                0x00000478                FTM3_Ch4_Ch5_IRQHandler
                0x00000478                CAN0_ORed_0_15_MB_IRQHandler
                0x00000478                PORTE_IRQHandler
                0x00000478                LPUART0_RxTx_IRQHandler
                0x00000478                LPTMR0_IRQHandler
                0x00000478                BusFault_Handler
                0x00000478                Reserved87_IRQHandler
                0x00000478                FTM1_Ovf_Reload_IRQHandler
                0x00000478                Reserved93_IRQHandler
                0x00000478                CAN0_Wake_Up_IRQHandler
                0x00000478                CMP0_IRQHandler
                0x00000478                Reserved52_IRQHandler
                0x00000478                PORTC_IRQHandler
                0x00000478                FTM1_Ch0_Ch1_IRQHandler
                0x00000478                FLEXIO_IRQHandler
                0x00000478                Reserved113_IRQHandler
 .text          0x0000047c       0x10 C:/NXP/S32DS_ARM_v2018.R1/Cross_Tools/gcc-6.3-arm32-eabi/arm-none-eabi/newlib/lib/thumb/v7e-m/fpv4-sp/hard\libc_nano.a(lib_a-strlen.o)
                0x0000047c                strlen
 *(.text*)
 .text.print    0x0000048c       0x26 ./Sources/myUART.o
                0x0000048c                print
 *fill*         0x000004b2        0x2 
 .text.myuart_init
                0x000004b4       0x1c ./Sources/myUART.o
                0x000004b4                myuart_init
 .text.main     0x000004d0       0xf4 ./Sources/main.o
                0x000004d0                main
 .text.floatToStr
                0x000005c4       0x8e ./Sources/helper_functions.o
                0x000005c4                floatToStr
 .text.delayCycles
                0x00000652       0x12 ./Sources/helper_functions.o
                0x00000652                delayCycles
 .text.enableFPU
                0x00000664       0x12 ./Sources/helper_functions.o
                0x00000664                enableFPU
 *fill*         0x00000676        0x2 
 .text.SysTick_Handler
                0x00000678       0x10 ./SDK/rtos/osif/osif_baremetal.o
                0x00000678                SysTick_Handler
 .text.OSIF_SemaPost
                0x00000688       0x2c ./SDK/rtos/osif/osif_baremetal.o
                0x00000688                OSIF_SemaPost
 .text.OSIF_SemaCreate
                0x000006b4       0x1a ./SDK/rtos/osif/osif_baremetal.o
                0x000006b4                OSIF_SemaCreate
 *fill*         0x000006ce        0x2 
 .text.PINS_GetAdcInterleaveVal
                0x000006d0       0x70 ./SDK/platform/drivers/src/pins/pins_port_hw_access.o
 .text.PINS_Init
                0x00000740      0x138 ./SDK/platform/drivers/src/pins/pins_port_hw_access.o
                0x00000740                PINS_Init
 .text.PINS_DRV_Init
                0x00000878       0x20 ./SDK/platform/drivers/src/pins/pins_driver.o
                0x00000878                PINS_DRV_Init
 .text.LPUART0_IrqHandler
                0x00000898        0xa ./SDK/platform/drivers/src/lpuart/lpuart_irq.o
                0x00000898                LPUART0_IrqHandler
 .text.LPUART1_IrqHandler
                0x000008a2        0xa ./SDK/platform/drivers/src/lpuart/lpuart_irq.o
                0x000008a2                LPUART1_IrqHandler
 .text.LPUART_Init
                0x000008ac       0x24 ./SDK/platform/drivers/src/lpuart/lpuart_hw_access.o
                0x000008ac                LPUART_Init
 .text.LPUART_SetBitCountPerChar
                0x000008d0       0x30 ./SDK/platform/drivers/src/lpuart/lpuart_hw_access.o
                0x000008d0                LPUART_SetBitCountPerChar
 .text.LPUART_SetParityMode
                0x00000900       0x1e ./SDK/platform/drivers/src/lpuart/lpuart_hw_access.o
                0x00000900                LPUART_SetParityMode
 .text.LPUART_Putchar9
                0x0000091e       0x16 ./SDK/platform/drivers/src/lpuart/lpuart_hw_access.o
                0x0000091e                LPUART_Putchar9
 .text.LPUART_Putchar10
                0x00000934       0x22 ./SDK/platform/drivers/src/lpuart/lpuart_hw_access.o
                0x00000934                LPUART_Putchar10
 .text.LPUART_Getchar9
                0x00000956       0x1e ./SDK/platform/drivers/src/lpuart/lpuart_hw_access.o
                0x00000956                LPUART_Getchar9
 .text.LPUART_Getchar10
                0x00000974       0x26 ./SDK/platform/drivers/src/lpuart/lpuart_hw_access.o
                0x00000974                LPUART_Getchar10
 .text.LPUART_SetIntMode
                0x0000099a       0x70 ./SDK/platform/drivers/src/lpuart/lpuart_hw_access.o
                0x0000099a                LPUART_SetIntMode
 .text.LPUART_GetIntMode
                0x00000a0a       0x4a ./SDK/platform/drivers/src/lpuart/lpuart_hw_access.o
                0x00000a0a                LPUART_GetIntMode
 .text.LPUART_GetStatusFlag
                0x00000a54       0x48 ./SDK/platform/drivers/src/lpuart/lpuart_hw_access.o
                0x00000a54                LPUART_GetStatusFlag
 .text.LPUART_SetErrorInterrupts
                0x00000a9c       0x40 ./SDK/platform/drivers/src/lpuart/lpuart_hw_access.o
                0x00000a9c                LPUART_SetErrorInterrupts
 .text.LPUART_DRV_StartSendDataUsingInt
                0x00000adc       0x7c ./SDK/platform/drivers/src/lpuart/lpuart_driver.o
 .text.LPUART_DRV_StartSendDataUsingDma
                0x00000b58       0x94 ./SDK/platform/drivers/src/lpuart/lpuart_driver.o
 .text.LPUART_DRV_CompleteSendDataUsingInt
                0x00000bec       0x6c ./SDK/platform/drivers/src/lpuart/lpuart_driver.o
 .text.LPUART_DRV_StopTxDma
                0x00000c58       0x64 ./SDK/platform/drivers/src/lpuart/lpuart_driver.o
 .text.LPUART_DRV_TxDmaCallback
                0x00000cbc       0x74 ./SDK/platform/drivers/src/lpuart/lpuart_driver.o
 .text.LPUART_DRV_PutData
                0x00000d30       0x44 ./SDK/platform/drivers/src/lpuart/lpuart_driver.o
 .text.LPUART_DRV_CompleteReceiveDataUsingInt
                0x00000d74       0x68 ./SDK/platform/drivers/src/lpuart/lpuart_driver.o
 .text.LPUART_DRV_StopRxDma
                0x00000ddc       0x64 ./SDK/platform/drivers/src/lpuart/lpuart_driver.o
 .text.LPUART_DRV_GetData
                0x00000e40       0x60 ./SDK/platform/drivers/src/lpuart/lpuart_driver.o
 .text.LPUART_DRV_SendData
                0x00000ea0       0x3c ./SDK/platform/drivers/src/lpuart/lpuart_driver.o
                0x00000ea0                LPUART_DRV_SendData
 .text.LPUART_DRV_GetTransmitStatus
                0x00000edc       0x40 ./SDK/platform/drivers/src/lpuart/lpuart_driver.o
                0x00000edc                LPUART_DRV_GetTransmitStatus
 .text.LPUART_DRV_SetBaudRate
                0x00000f1c       0xf0 ./SDK/platform/drivers/src/lpuart/lpuart_driver.o
                0x00000f1c                LPUART_DRV_SetBaudRate
 .text.LPUART_DRV_Init
                0x0000100c      0x138 ./SDK/platform/drivers/src/lpuart/lpuart_driver.o
                0x0000100c                LPUART_DRV_Init
 .text.LPUART_DRV_IRQHandler
                0x00001144      0x288 ./SDK/platform/drivers/src/lpuart/lpuart_driver.o
                0x00001144                LPUART_DRV_IRQHandler
 .text.INT_SYS_InstallHandler
                0x000013cc       0x48 ./SDK/platform/drivers/src/interrupt/interrupt_manager.o
                0x000013cc                INT_SYS_InstallHandler
 .text.INT_SYS_EnableIRQ
                0x00001414       0x28 ./SDK/platform/drivers/src/interrupt/interrupt_manager.o
                0x00001414                INT_SYS_EnableIRQ
 .text.INT_SYS_EnableIRQGlobal
                0x0000143c       0x1c ./SDK/platform/drivers/src/interrupt/interrupt_manager.o
                0x0000143c                INT_SYS_EnableIRQGlobal
 .text.INT_SYS_DisableIRQGlobal
                0x00001458       0x10 ./SDK/platform/drivers/src/interrupt/interrupt_manager.o
                0x00001458                INT_SYS_DisableIRQGlobal
 .text.DMA0_IRQHandler
                0x00001468        0xa ./SDK/platform/drivers/src/edma/edma_irq.o
                0x00001468                DMA0_IRQHandler
 .text.DMA1_IRQHandler
                0x00001472        0xa ./SDK/platform/drivers/src/edma/edma_irq.o
                0x00001472                DMA1_IRQHandler
 .text.DMA2_IRQHandler
                0x0000147c        0xa ./SDK/platform/drivers/src/edma/edma_irq.o
                0x0000147c                DMA2_IRQHandler
 .text.DMA3_IRQHandler
                0x00001486        0xa ./SDK/platform/drivers/src/edma/edma_irq.o
                0x00001486                DMA3_IRQHandler
 .text.DMA4_IRQHandler
                0x00001490        0xa ./SDK/platform/drivers/src/edma/edma_irq.o
                0x00001490                DMA4_IRQHandler
 .text.DMA5_IRQHandler
                0x0000149a        0xa ./SDK/platform/drivers/src/edma/edma_irq.o
                0x0000149a                DMA5_IRQHandler
 .text.DMA6_IRQHandler
                0x000014a4        0xa ./SDK/platform/drivers/src/edma/edma_irq.o
                0x000014a4                DMA6_IRQHandler
 .text.DMA7_IRQHandler
                0x000014ae        0xa ./SDK/platform/drivers/src/edma/edma_irq.o
                0x000014ae                DMA7_IRQHandler
 .text.DMA8_IRQHandler
                0x000014b8        0xa ./SDK/platform/drivers/src/edma/edma_irq.o
                0x000014b8                DMA8_IRQHandler
 .text.DMA9_IRQHandler
                0x000014c2        0xa ./SDK/platform/drivers/src/edma/edma_irq.o
                0x000014c2                DMA9_IRQHandler
 .text.DMA10_IRQHandler
                0x000014cc        0xa ./SDK/platform/drivers/src/edma/edma_irq.o
                0x000014cc                DMA10_IRQHandler
 .text.DMA11_IRQHandler
                0x000014d6        0xa ./SDK/platform/drivers/src/edma/edma_irq.o
                0x000014d6                DMA11_IRQHandler
 .text.DMA12_IRQHandler
                0x000014e0        0xa ./SDK/platform/drivers/src/edma/edma_irq.o
                0x000014e0                DMA12_IRQHandler
 .text.DMA13_IRQHandler
                0x000014ea        0xa ./SDK/platform/drivers/src/edma/edma_irq.o
                0x000014ea                DMA13_IRQHandler
 .text.DMA14_IRQHandler
                0x000014f4        0xa ./SDK/platform/drivers/src/edma/edma_irq.o
                0x000014f4                DMA14_IRQHandler
 .text.DMA15_IRQHandler
                0x000014fe        0xa ./SDK/platform/drivers/src/edma/edma_irq.o
                0x000014fe                DMA15_IRQHandler
 .text.DMA_Error_IRQHandler
                0x00001508       0x28 ./SDK/platform/drivers/src/edma/edma_irq.o
                0x00001508                DMA_Error_IRQHandler
 .text.EDMA_SetDmaRequestCmd
                0x00001530        0xa ./SDK/platform/drivers/src/edma/edma_hw_access.o
                0x00001530                EDMA_SetDmaRequestCmd
 .text.EDMA_TCDClearReg
                0x0000153a       0x4a ./SDK/platform/drivers/src/edma/edma_hw_access.o
                0x0000153a                EDMA_TCDClearReg
 .text.EDMA_TCDSetAttribute
                0x00001584       0x38 ./SDK/platform/drivers/src/edma/edma_hw_access.o
                0x00001584                EDMA_TCDSetAttribute
 .text.EDMA_TCDSetNbytes
                0x000015bc       0x64 ./SDK/platform/drivers/src/edma/edma_hw_access.o
                0x000015bc                EDMA_TCDSetNbytes
 .text.EDMA_TCDSetMajorCount
                0x00001620       0x68 ./SDK/platform/drivers/src/edma/edma_hw_access.o
                0x00001620                EDMA_TCDSetMajorCount
 .text.EDMA_TCDGetCurrentMajorCount
                0x00001688       0x2c ./SDK/platform/drivers/src/edma/edma_hw_access.o
                0x00001688                EDMA_TCDGetCurrentMajorCount
 .text.EDMA_DRV_ClearIntStatus
                0x000016b4       0x20 ./SDK/platform/drivers/src/edma/edma_driver.o
 .text.EDMA_DRV_InstallCallback
                0x000016d4       0x30 ./SDK/platform/drivers/src/edma/edma_driver.o
                0x000016d4                EDMA_DRV_InstallCallback
 .text.EDMA_DRV_IRQHandler
                0x00001704       0x20 ./SDK/platform/drivers/src/edma/edma_driver.o
                0x00001704                EDMA_DRV_IRQHandler
 .text.EDMA_DRV_ErrorIRQHandler
                0x00001724       0x40 ./SDK/platform/drivers/src/edma/edma_driver.o
                0x00001724                EDMA_DRV_ErrorIRQHandler
 .text.EDMA_DRV_ConfigSingleBlockTransfer
                0x00001764      0x1d4 ./SDK/platform/drivers/src/edma/edma_driver.o
                0x00001764                EDMA_DRV_ConfigSingleBlockTransfer
 .text.EDMA_DRV_ConfigMultiBlockTransfer
                0x00001938       0x7c ./SDK/platform/drivers/src/edma/edma_driver.o
                0x00001938                EDMA_DRV_ConfigMultiBlockTransfer
 .text.EDMA_DRV_StartChannel
                0x000019b4       0x38 ./SDK/platform/drivers/src/edma/edma_driver.o
                0x000019b4                EDMA_DRV_StartChannel
 .text.EDMA_DRV_StopChannel
                0x000019ec       0x38 ./SDK/platform/drivers/src/edma/edma_driver.o
                0x000019ec                EDMA_DRV_StopChannel
 .text.EDMA_DRV_SetSrcAddr
                0x00001a24       0x34 ./SDK/platform/drivers/src/edma/edma_driver.o
                0x00001a24                EDMA_DRV_SetSrcAddr
 .text.EDMA_DRV_SetMajorLoopIterationCount
                0x00001a58       0x34 ./SDK/platform/drivers/src/edma/edma_driver.o
                0x00001a58                EDMA_DRV_SetMajorLoopIterationCount
 .text.EDMA_DRV_GetRemainingMajorIterationsCount
                0x00001a8c       0x34 ./SDK/platform/drivers/src/edma/edma_driver.o
                0x00001a8c                EDMA_DRV_GetRemainingMajorIterationsCount
 .text.EDMA_DRV_GetDmaRegBaseAddr
                0x00001ac0       0x10 ./SDK/platform/drivers/src/edma/edma_driver.o
                0x00001ac0                EDMA_DRV_GetDmaRegBaseAddr
 .text.CLOCK_SYS_GetCurrentRunMode
                0x00001ad0       0x24 ./SDK/platform/drivers/src/clock/S32K1xx/clock_S32K1xx.o
 .text.CLOCK_SYS_GetSysOscFreq
                0x00001af4       0x1c ./SDK/platform/drivers/src/clock/S32K1xx/clock_S32K1xx.o
 .text.CLOCK_SYS_ConfigureSOSC
                0x00001b10      0x12c ./SDK/platform/drivers/src/clock/S32K1xx/clock_S32K1xx.o
 .text.CLOCK_SYS_GetSircFreq
                0x00001c3c       0x2c ./SDK/platform/drivers/src/clock/S32K1xx/clock_S32K1xx.o
 .text.CLOCK_SYS_ConfigureSIRC
                0x00001c68       0xc4 ./SDK/platform/drivers/src/clock/S32K1xx/clock_S32K1xx.o
 .text.CLOCK_SYS_GetFircFreq
                0x00001d2c       0x20 ./SDK/platform/drivers/src/clock/S32K1xx/clock_S32K1xx.o
 .text.CLOCK_SYS_ConfigureFIRC
                0x00001d4c       0xb4 ./SDK/platform/drivers/src/clock/S32K1xx/clock_S32K1xx.o
 .text.CLOCK_SYS_GetSysPllFreq
                0x00001e00       0x44 ./SDK/platform/drivers/src/clock/S32K1xx/clock_S32K1xx.o
 .text.CLOCK_SYS_ConfigureSPLL
                0x00001e44      0x12c ./SDK/platform/drivers/src/clock/S32K1xx/clock_S32K1xx.o
 .text.CLOCK_SYS_SetSystemClockConfig
                0x00001f70      0x204 ./SDK/platform/drivers/src/clock/S32K1xx/clock_S32K1xx.o
 .text.CLOCK_SYS_TransitionSystemClock
                0x00002174       0x54 ./SDK/platform/drivers/src/clock/S32K1xx/clock_S32K1xx.o
 .text.CLOCK_SYS_GetSystemClockFreq
                0x000021c8       0x80 ./SDK/platform/drivers/src/clock/S32K1xx/clock_S32K1xx.o
 .text.CLOCK_SYS_GetScgClkOutFreq
                0x00002248       0x44 ./SDK/platform/drivers/src/clock/S32K1xx/clock_S32K1xx.o
 .text.CLOCK_SYS_GetSysAsyncFreq
                0x0000228c       0xc0 ./SDK/platform/drivers/src/clock/S32K1xx/clock_S32K1xx.o
 .text.CLOCK_SYS_GetSimRtcClkFreq
                0x0000234c       0x50 ./SDK/platform/drivers/src/clock/S32K1xx/clock_S32K1xx.o
 .text.CLOCK_SYS_GetPeripheralClock
                0x0000239c       0x78 ./SDK/platform/drivers/src/clock/S32K1xx/clock_S32K1xx.o
 .text.CLOCK_SYS_GetLpoFreq
                0x00002414       0x4c ./SDK/platform/drivers/src/clock/S32K1xx/clock_S32K1xx.o
 .text.CLOCK_SYS_GetSimClkOutFreq
                0x00002460       0x98 ./SDK/platform/drivers/src/clock/S32K1xx/clock_S32K1xx.o
 .text.CLOCK_DRV_Init
                0x000024f8      0x590 ./SDK/platform/drivers/src/clock/S32K1xx/clock_S32K1xx.o
                0x000024f8                CLOCK_DRV_Init
 .text.CLOCK_DRV_GetFreq
                0x00002a88      0x370 ./SDK/platform/drivers/src/clock/S32K1xx/clock_S32K1xx.o
                0x00002a88                CLOCK_DRV_GetFreq
 .text.CLOCK_SYS_Init
                0x00002df8       0x28 ./SDK/platform/drivers/src/clock/S32K1xx/clock_S32K1xx.o
                0x00002df8                CLOCK_SYS_Init
 .text.CLOCK_SYS_UpdateConfiguration
                0x00002e20       0xf4 ./SDK/platform/drivers/src/clock/S32K1xx/clock_S32K1xx.o
                0x00002e20                CLOCK_SYS_UpdateConfiguration
 .text.CLOCK_SYS_GetFreq
                0x00002f14        0x8 ./SDK/platform/drivers/src/clock/S32K1xx/clock_S32K1xx.o
                0x00002f14                CLOCK_SYS_GetFreq
 .text.ADC_DRV_ConfigChan
                0x00002f1c       0x98 ./SDK/platform/drivers/src/adc/adc_driver.o
                0x00002f1c                ADC_DRV_ConfigChan
 .text.ADC_DRV_WaitConvDone
                0x00002fb4       0x20 ./SDK/platform/drivers/src/adc/adc_driver.o
                0x00002fb4                ADC_DRV_WaitConvDone
 .text.ADC_DRV_GetChanResult
                0x00002fd4       0x30 ./SDK/platform/drivers/src/adc/adc_driver.o
                0x00002fd4                ADC_DRV_GetChanResult
 .text.init_data_bss
                0x00003004       0xd8 ./SDK/platform/devices/startup.o
                0x00003004                init_data_bss
 .text.SystemInit
                0x000030dc       0x3c ./SDK/platform/devices/S32K142/startup/system_S32K142.o
                0x000030dc                SystemInit
 .text.memset   0x00003118       0x10 C:/NXP/S32DS_ARM_v2018.R1/Cross_Tools/gcc-6.3-arm32-eabi/arm-none-eabi/newlib/lib/thumb/v7e-m/fpv4-sp/hard\libc_nano.a(lib_a-memset.o)
                0x00003118                memset
 *(.rodata)
 *(.rodata*)
 .rodata.main.str1.4
                0x00003128       0x88 ./Sources/main.o
                                 0x85 (size before relaxing)
 .rodata.s_lpuartBase
                0x000031b0        0x8 ./SDK/platform/drivers/src/lpuart/lpuart_driver.o
 .rodata.s_lpuartClkNames
                0x000031b8        0x2 ./SDK/platform/drivers/src/lpuart/lpuart_driver.o
 *fill*         0x000031ba        0x2 
 .rodata.s_lpuartRxTxIrqId
                0x000031bc        0x2 ./SDK/platform/drivers/src/lpuart/lpuart_driver.o
 *fill*         0x000031be        0x2 
 .rodata.clockNameMappings
                0x000031c0       0x98 ./SDK/platform/drivers/src/clock/S32K1xx/clock_S32K1xx.o
                0x000031c0                clockNameMappings
 .rodata.maxSysClksInHSRUN.7592
                0x00003258       0x54 ./SDK/platform/drivers/src/clock/S32K1xx/clock_S32K1xx.o
 .rodata.maxSysClksInRUN.7591
                0x000032ac       0x54 ./SDK/platform/drivers/src/clock/S32K1xx/clock_S32K1xx.o
 .rodata.maxSysClksInVLPR.7590
                0x00003300       0x54 ./SDK/platform/drivers/src/clock/S32K1xx/clock_S32K1xx.o
 .rodata.peripheralFeaturesList
                0x00003354       0x4c ./SDK/platform/drivers/src/clock/S32K1xx/clock_S32K1xx.o
                0x00003354                peripheralFeaturesList
 .rodata.s_adcBase
                0x000033a0        0x8 ./SDK/platform/drivers/src/adc/adc_driver.o
 .rodata.lpuart1_InitConfig0
                0x000033a8        0xc ./Generated_Code/lpuart1.o
                0x000033a8                lpuart1_InitConfig0
 .rodata.adConv1_ChnConfig0
                0x000033b4        0x4 ./Generated_Code/adConv1.o
                0x000033b4                adConv1_ChnConfig0
 .rodata.adConv1_ConvConfig0
                0x000033b8        0xb ./Generated_Code/adConv1.o
                0x000033b8                adConv1_ConvConfig0
 *(.init)
 *fill*         0x000033c3        0x1 
 .init          0x000033c4        0x4 c:/nxp/s32ds_arm_v2018.r1/cross_tools/gcc-6.3-arm32-eabi/bin/../lib/gcc/arm-none-eabi/6.3.1/thumb/v7e-m/fpv4-sp/hard/crti.o
                0x000033c4                _init
 *(.fini)
 .fini          0x000033c8        0x4 c:/nxp/s32ds_arm_v2018.r1/cross_tools/gcc-6.3-arm32-eabi/bin/../lib/gcc/arm-none-eabi/6.3.1/thumb/v7e-m/fpv4-sp/hard/crti.o
                0x000033c8                _fini
 *(.eh_frame)
                0x000033cc                . = ALIGN (0x4)

.glue_7         0x000033cc        0x0
 .glue_7        0x000033cc        0x0 linker stubs

.glue_7t        0x000033cc        0x0
 .glue_7t       0x000033cc        0x0 linker stubs

.vfp11_veneer   0x000033cc        0x0
 .vfp11_veneer  0x000033cc        0x0 linker stubs

.v4_bx          0x000033cc        0x0
 .v4_bx         0x000033cc        0x0 linker stubs

.iplt           0x000033cc        0x0
 .iplt          0x000033cc        0x0 c:/nxp/s32ds_arm_v2018.r1/cross_tools/gcc-6.3-arm32-eabi/bin/../lib/gcc/arm-none-eabi/6.3.1/thumb/v7e-m/fpv4-sp/hard/crtbegin.o

.rel.dyn        0x000033cc        0x0
 .rel.iplt      0x000033cc        0x0 c:/nxp/s32ds_arm_v2018.r1/cross_tools/gcc-6.3-arm32-eabi/bin/../lib/gcc/arm-none-eabi/6.3.1/thumb/v7e-m/fpv4-sp/hard/crtbegin.o

.ARM            0x000033cc        0x0
                0x000033cc                __exidx_start = .
 *(.ARM.exidx*)
                0x000033cc                __exidx_end = .
                0x000033cc                __etext = .
                0x000033cc                __DATA_ROM = .

.interrupts_ram
                0x1fffc000      0x400
                0x1fffc000                . = ALIGN (0x4)
                0x1fffc000                __VECTOR_RAM__ = .
                0x1fffc000                __RAM_START = .
                0x1fffc000                __interrupts_ram_start__ = .
 *(.m_interrupts_ram)
                0x1fffc400                . = (. + M_VECTOR_RAM_SIZE)
 *fill*         0x1fffc000      0x400 
                0x1fffc400                . = ALIGN (0x4)
                0x1fffc400                __interrupts_ram_end__ = .
                0x1fffc000                __VECTOR_RAM = DEFINED (__flash_vector_table__)?ORIGIN (m_interrupts):__VECTOR_RAM__
                0x00000400                __RAM_VECTOR_TABLE_SIZE = DEFINED (__flash_vector_table__)?0x0:(__interrupts_ram_end__ - __interrupts_ram_start__)

.data           0x1fffc400      0x1f4 load address 0x000033cc
                0x1fffc400                . = ALIGN (0x4)
                0x1fffc400                __DATA_RAM = .
                0x1fffc400                __data_start__ = .
 *(.data)
 *(.data*)
 .data.g_lpuartIsr
                0x1fffc400        0x8 ./SDK/platform/drivers/src/lpuart/lpuart_irq.o
                0x1fffc400                g_lpuartIsr
 .data.peripheralClockConfig.7354
                0x1fffc408       0x91 ./SDK/platform/drivers/src/clock/S32K1xx/clock_S32K1xx.o
 *fill*         0x1fffc499        0x3 
 .data.g_pin_mux_InitConfigArr
                0x1fffc49c       0xa8 ./Generated_Code/pin_mux.o
                0x1fffc49c                g_pin_mux_InitConfigArr
 .data.clockMan1_InitConfig0
                0x1fffc544       0x78 ./Generated_Code/clockMan1.o
                0x1fffc544                clockMan1_InitConfig0
 .data.g_clockManConfigsArr
                0x1fffc5bc        0x4 ./Generated_Code/clockMan1.o
                0x1fffc5bc                g_clockManConfigsArr
 .data.peripheralClockConfig0
                0x1fffc5c0       0x32 ./Generated_Code/clockMan1.o
                0x1fffc5c0                peripheralClockConfig0
                0x1fffc5f4                . = ALIGN (0x4)
 *fill*         0x1fffc5f2        0x2 
                0x1fffc5f4                __data_end__ = .
                0x000035c0                __DATA_END = (__DATA_ROM + (__data_end__ - __data_start__))
                0x000035c0                __CODE_ROM = __DATA_END

.igot.plt       0x1fffc5f4        0x0 load address 0x000035c0
 .igot.plt      0x1fffc5f4        0x0 c:/nxp/s32ds_arm_v2018.r1/cross_tools/gcc-6.3-arm32-eabi/bin/../lib/gcc/arm-none-eabi/6.3.1/thumb/v7e-m/fpv4-sp/hard/crtbegin.o

.code           0x1fffc5f4        0x0 load address 0x000035c0
                0x1fffc5f4                . = ALIGN (0x4)
                0x1fffc5f4                __CODE_RAM = .
                0x1fffc5f4                __code_start__ = .
                0x1fffc5f4                __code_ram_start__ = .
 *(.code_ram)
                0x1fffc5f4                . = ALIGN (0x4)
                0x1fffc5f4                __code_end__ = .
                0x1fffc5f4                __code_ram_end__ = .
                0x000035c0                __CODE_END = (__CODE_ROM + (__code_end__ - __code_start__))
                0x000035c0                __CUSTOM_ROM = __CODE_END

.customSectionBlock
                0x20000000        0x0 load address 0x000035c0
                0x20000000                __customSection_start__ = .
 *(.customSection)
                0x20000000                __customSection_end__ = .
                0x000035c0                __CUSTOM_END = (__CUSTOM_ROM + (__customSection_end__ - __customSection_start__))

.bss            0x20000000       0x70
                0x20000000                . = ALIGN (0x4)
                0x20000000                __BSS_START = .
                0x20000000                __bss_start__ = .
 *(.bss)
 *(.bss*)
 .bss.s_osif_tick_cnt
                0x20000000        0x4 ./SDK/rtos/osif/osif_baremetal.o
 .bss.s_lpuartStatePtr
                0x20000004        0x8 ./SDK/platform/drivers/src/lpuart/lpuart_driver.o
 .bss.g_interruptDisableCount
                0x2000000c        0x4 ./SDK/platform/drivers/src/interrupt/interrupt_manager.o
 .bss.s_virtEdmaState
                0x20000010        0x4 ./SDK/platform/drivers/src/edma/edma_driver.o
 .bss.g_clockState
                0x20000014       0x10 ./SDK/platform/drivers/src/clock/S32K1xx/clock_S32K1xx.o
 .bss.g_clockManCallbacksArr
                0x20000024        0x4 ./Generated_Code/clockMan1.o
                0x20000024                g_clockManCallbacksArr
 *(COMMON)
 COMMON         0x20000028       0x14 ./SDK/platform/drivers/src/clock/S32K1xx/clock_S32K1xx.o
                0x20000028                g_xtal0ClkFreq
                0x2000002c                g_RtcClkInFreq
                0x20000030                g_TClkFreq
 COMMON         0x2000003c       0x34 ./Generated_Code/lpuart1.o
                0x2000003c                lpuart1_State
                0x20000070                . = ALIGN (0x4)
                0x20000070                __bss_end__ = .
                0x20000070                __BSS_END = .

.heap           0x20000070      0x400
                0x20000070                . = ALIGN (0x8)
                0x20000070                __end__ = .
                0x20000070                __heap_start__ = .
                [!provide]                PROVIDE (end, .)
                [!provide]                PROVIDE (_end, .)
                [!provide]                PROVIDE (__end, .)
                0x20000070                __HeapBase = .
                0x20000470                . = (. + HEAP_SIZE)
 *fill*         0x20000070      0x400 
                0x20000470                __HeapLimit = .
                0x20000470                __heap_limit = .
                0x20000470                __heap_end__ = .
                0x20003000                __StackTop = (ORIGIN (m_data_2) + LENGTH (m_data_2))
                0x20002c00                __StackLimit = (__StackTop - STACK_SIZE)
                0x20003000                PROVIDE (__stack, __StackTop)
                0x20003000                __RAM_END = __StackTop

.stack          0x20002c00      0x400
                0x20002c00                . = ALIGN (0x8)
                0x20002c00                __stack_start__ = .
                0x20003000                . = (. + STACK_SIZE)
 *fill*         0x20002c00      0x400 
                0x20003000                __stack_end__ = .

.ARM.attributes
                0x00000000       0x30
 *(.ARM.attributes)
 .ARM.attributes
                0x00000000       0x22 c:/nxp/s32ds_arm_v2018.r1/cross_tools/gcc-6.3-arm32-eabi/bin/../lib/gcc/arm-none-eabi/6.3.1/thumb/v7e-m/fpv4-sp/hard/crti.o
 .ARM.attributes
                0x00000022       0x39 ./Sources/myUART.o
 .ARM.attributes
                0x0000005b       0x39 ./Sources/main.o
 .ARM.attributes
                0x00000094       0x39 ./Sources/helper_functions.o
 .ARM.attributes
                0x000000cd       0x39 ./SDK/rtos/osif/osif_baremetal.o
 .ARM.attributes
                0x00000106       0x39 ./SDK/platform/drivers/src/pins/pins_port_hw_access.o
 .ARM.attributes
                0x0000013f       0x39 ./SDK/platform/drivers/src/pins/pins_driver.o
 .ARM.attributes
                0x00000178       0x39 ./SDK/platform/drivers/src/lpuart/lpuart_irq.o
 .ARM.attributes
                0x000001b1       0x39 ./SDK/platform/drivers/src/lpuart/lpuart_hw_access.o
 .ARM.attributes
                0x000001ea       0x39 ./SDK/platform/drivers/src/lpuart/lpuart_driver.o
 .ARM.attributes
                0x00000223       0x39 ./SDK/platform/drivers/src/interrupt/interrupt_manager.o
 .ARM.attributes
                0x0000025c       0x39 ./SDK/platform/drivers/src/edma/edma_irq.o
 .ARM.attributes
                0x00000295       0x39 ./SDK/platform/drivers/src/edma/edma_hw_access.o
 .ARM.attributes
                0x000002ce       0x39 ./SDK/platform/drivers/src/edma/edma_driver.o
 .ARM.attributes
                0x00000307       0x39 ./SDK/platform/drivers/src/clock/S32K1xx/clock_S32K1xx.o
 .ARM.attributes
                0x00000340       0x39 ./SDK/platform/drivers/src/adc/adc_driver.o
 .ARM.attributes
                0x00000379       0x39 ./SDK/platform/devices/startup.o
 .ARM.attributes
                0x000003b2       0x39 ./SDK/platform/devices/S32K142/startup/system_S32K142.o
 .ARM.attributes
                0x000003eb       0x1f ./Project_Settings/Startup_Code/startup_S32K142.o
 .ARM.attributes
                0x0000040a       0x39 ./Generated_Code/pin_mux.o
 .ARM.attributes
                0x00000443       0x39 ./Generated_Code/lpuart1.o
 .ARM.attributes
                0x0000047c       0x39 ./Generated_Code/clockMan1.o
 .ARM.attributes
                0x000004b5       0x39 ./Generated_Code/adConv1.o
 .ARM.attributes
                0x000004ee       0x34 C:/NXP/S32DS_ARM_v2018.R1/Cross_Tools/gcc-6.3-arm32-eabi/arm-none-eabi/newlib/lib/thumb/v7e-m/fpv4-sp/hard\libc_nano.a(lib_a-memset.o)
 .ARM.attributes
                0x00000522       0x1b C:/NXP/S32DS_ARM_v2018.R1/Cross_Tools/gcc-6.3-arm32-eabi/arm-none-eabi/newlib/lib/thumb/v7e-m/fpv4-sp/hard\libc_nano.a(lib_a-strlen.o)
                0x00000001                ASSERT ((__StackLimit >= __HeapLimit), region m_data_2 overflowed with stack and heap)
OUTPUT(abcd.elf elf32-littlearm)

.debug_info     0x00000000    0x23a7b
 .debug_info    0x00000000     0x1fdd ./Sources/myUART.o
 .debug_info    0x00001fdd     0x29ab ./Sources/main.o
 .debug_info    0x00004988     0x217a ./Sources/helper_functions.o
 .debug_info    0x00006b02      0xb95 ./SDK/rtos/osif/osif_baremetal.o
 .debug_info    0x00007697      0x9a5 ./SDK/platform/drivers/src/pins/pins_port_hw_access.o
 .debug_info    0x0000803c     0x14ba ./SDK/platform/drivers/src/pins/pins_driver.o
 .debug_info    0x000094f6      0x102 ./SDK/platform/drivers/src/lpuart/lpuart_irq.o
 .debug_info    0x000095f8      0x9bb ./SDK/platform/drivers/src/lpuart/lpuart_hw_access.o
 .debug_info    0x00009fb3     0x371f ./SDK/platform/drivers/src/lpuart/lpuart_driver.o
 .debug_info    0x0000d6d2      0xb7e ./SDK/platform/drivers/src/interrupt/interrupt_manager.o
 .debug_info    0x0000e250      0x6db ./SDK/platform/drivers/src/edma/edma_irq.o
 .debug_info    0x0000e92b      0xa55 ./SDK/platform/drivers/src/edma/edma_hw_access.o
 .debug_info    0x0000f380     0x474f ./SDK/platform/drivers/src/edma/edma_driver.o
 .debug_info    0x00013acf     0x605b ./SDK/platform/drivers/src/clock/S32K1xx/clock_S32K1xx.o
 .debug_info    0x00019b2a     0x3514 ./SDK/platform/drivers/src/adc/adc_driver.o
 .debug_info    0x0001d03e      0x2ad ./SDK/platform/devices/startup.o
 .debug_info    0x0001d2eb      0x521 ./SDK/platform/devices/S32K142/startup/system_S32K142.o
 .debug_info    0x0001d80c       0x26 ./Project_Settings/Startup_Code/startup_S32K142.o
 .debug_info    0x0001d832      0x40a ./Generated_Code/pin_mux.o
 .debug_info    0x0001dc3c     0x1eff ./Generated_Code/lpuart1.o
 .debug_info    0x0001fb3b     0x2027 ./Generated_Code/clockMan1.o
 .debug_info    0x00021b62     0x1f19 ./Generated_Code/adConv1.o

.debug_abbrev   0x00000000     0x2d75
 .debug_abbrev  0x00000000      0x1c3 ./Sources/myUART.o
 .debug_abbrev  0x000001c3      0x2ad ./Sources/main.o
 .debug_abbrev  0x00000470      0x1f0 ./Sources/helper_functions.o
 .debug_abbrev  0x00000660      0x2df ./SDK/rtos/osif/osif_baremetal.o
 .debug_abbrev  0x0000093f      0x232 ./SDK/platform/drivers/src/pins/pins_port_hw_access.o
 .debug_abbrev  0x00000b71      0x2f6 ./SDK/platform/drivers/src/pins/pins_driver.o
 .debug_abbrev  0x00000e67       0xba ./SDK/platform/drivers/src/lpuart/lpuart_irq.o
 .debug_abbrev  0x00000f21      0x1ed ./SDK/platform/drivers/src/lpuart/lpuart_hw_access.o
 .debug_abbrev  0x0000110e      0x3ab ./SDK/platform/drivers/src/lpuart/lpuart_driver.o
 .debug_abbrev  0x000014b9      0x24e ./SDK/platform/drivers/src/interrupt/interrupt_manager.o
 .debug_abbrev  0x00001707      0x1b9 ./SDK/platform/drivers/src/edma/edma_irq.o
 .debug_abbrev  0x000018c0      0x240 ./SDK/platform/drivers/src/edma/edma_hw_access.o
 .debug_abbrev  0x00001b00      0x412 ./SDK/platform/drivers/src/edma/edma_driver.o
 .debug_abbrev  0x00001f12      0x409 ./SDK/platform/drivers/src/clock/S32K1xx/clock_S32K1xx.o
 .debug_abbrev  0x0000231b      0x39f ./SDK/platform/drivers/src/adc/adc_driver.o
 .debug_abbrev  0x000026ba       0xe1 ./SDK/platform/devices/startup.o
 .debug_abbrev  0x0000279b      0x141 ./SDK/platform/devices/S32K142/startup/system_S32K142.o
 .debug_abbrev  0x000028dc       0x14 ./Project_Settings/Startup_Code/startup_S32K142.o
 .debug_abbrev  0x000028f0       0xcd ./Generated_Code/pin_mux.o
 .debug_abbrev  0x000029bd      0x139 ./Generated_Code/lpuart1.o
 .debug_abbrev  0x00002af6      0x146 ./Generated_Code/clockMan1.o
 .debug_abbrev  0x00002c3c      0x139 ./Generated_Code/adConv1.o

.debug_loc      0x00000000     0xec91
 .debug_loc     0x00000000       0x2c ./Sources/myUART.o
 .debug_loc     0x0000002c       0x37 ./Sources/main.o
 .debug_loc     0x00000063      0x155 ./Sources/helper_functions.o
 .debug_loc     0x000001b8      0x353 ./SDK/rtos/osif/osif_baremetal.o
 .debug_loc     0x0000050b      0x639 ./SDK/platform/drivers/src/pins/pins_port_hw_access.o
 .debug_loc     0x00000b44      0x7c7 ./SDK/platform/drivers/src/pins/pins_driver.o
 .debug_loc     0x0000130b      0x75e ./SDK/platform/drivers/src/lpuart/lpuart_hw_access.o
 .debug_loc     0x00001a69     0x2704 ./SDK/platform/drivers/src/lpuart/lpuart_driver.o
 .debug_loc     0x0000416d      0x63c ./SDK/platform/drivers/src/interrupt/interrupt_manager.o
 .debug_loc     0x000047a9       0x50 ./SDK/platform/drivers/src/edma/edma_irq.o
 .debug_loc     0x000047f9      0x7b9 ./SDK/platform/drivers/src/edma/edma_hw_access.o
 .debug_loc     0x00004fb2     0x3266 ./SDK/platform/drivers/src/edma/edma_driver.o
 .debug_loc     0x00008218     0x4e23 ./SDK/platform/drivers/src/clock/S32K1xx/clock_S32K1xx.o
 .debug_loc     0x0000d03b     0x1a7f ./SDK/platform/drivers/src/adc/adc_driver.o
 .debug_loc     0x0000eaba       0xec ./SDK/platform/devices/startup.o
 .debug_loc     0x0000eba6       0xeb ./SDK/platform/devices/S32K142/startup/system_S32K142.o

.debug_aranges  0x00000000      0x970
 .debug_aranges
                0x00000000       0x28 ./Sources/myUART.o
 .debug_aranges
                0x00000028       0x20 ./Sources/main.o
 .debug_aranges
                0x00000048       0x30 ./Sources/helper_functions.o
 .debug_aranges
                0x00000078       0x70 ./SDK/rtos/osif/osif_baremetal.o
 .debug_aranges
                0x000000e8       0x40 ./SDK/platform/drivers/src/pins/pins_port_hw_access.o
 .debug_aranges
                0x00000128       0xe0 ./SDK/platform/drivers/src/pins/pins_driver.o
 .debug_aranges
                0x00000208       0x28 ./SDK/platform/drivers/src/lpuart/lpuart_irq.o
 .debug_aranges
                0x00000230       0x78 ./SDK/platform/drivers/src/lpuart/lpuart_hw_access.o
 .debug_aranges
                0x000002a8      0x118 ./SDK/platform/drivers/src/lpuart/lpuart_driver.o
 .debug_aranges
                0x000003c0       0x70 ./SDK/platform/drivers/src/interrupt/interrupt_manager.o
 .debug_aranges
                0x00000430       0xa0 ./SDK/platform/drivers/src/edma/edma_irq.o
 .debug_aranges
                0x000004d0       0x88 ./SDK/platform/drivers/src/edma/edma_hw_access.o
 .debug_aranges
                0x00000558      0x140 ./SDK/platform/drivers/src/edma/edma_driver.o
 .debug_aranges
                0x00000698      0x120 ./SDK/platform/drivers/src/clock/S32K1xx/clock_S32K1xx.o
 .debug_aranges
                0x000007b8       0xe8 ./SDK/platform/drivers/src/adc/adc_driver.o
 .debug_aranges
                0x000008a0       0x20 ./SDK/platform/devices/startup.o
 .debug_aranges
                0x000008c0       0x30 ./SDK/platform/devices/S32K142/startup/system_S32K142.o
 .debug_aranges
                0x000008f0       0x20 ./Project_Settings/Startup_Code/startup_S32K142.o
 .debug_aranges
                0x00000910       0x18 ./Generated_Code/pin_mux.o
 .debug_aranges
                0x00000928       0x18 ./Generated_Code/lpuart1.o
 .debug_aranges
                0x00000940       0x18 ./Generated_Code/clockMan1.o
 .debug_aranges
                0x00000958       0x18 ./Generated_Code/adConv1.o

.debug_ranges   0x00000000      0xc48
 .debug_ranges  0x00000000       0x18 ./Sources/myUART.o
 .debug_ranges  0x00000018       0x10 ./Sources/main.o
 .debug_ranges  0x00000028       0x20 ./Sources/helper_functions.o
 .debug_ranges  0x00000048       0x98 ./SDK/rtos/osif/osif_baremetal.o
 .debug_ranges  0x000000e0       0x48 ./SDK/platform/drivers/src/pins/pins_port_hw_access.o
 .debug_ranges  0x00000128       0xd0 ./SDK/platform/drivers/src/pins/pins_driver.o
 .debug_ranges  0x000001f8       0x18 ./SDK/platform/drivers/src/lpuart/lpuart_irq.o
 .debug_ranges  0x00000210       0x68 ./SDK/platform/drivers/src/lpuart/lpuart_hw_access.o
 .debug_ranges  0x00000278      0x180 ./SDK/platform/drivers/src/lpuart/lpuart_driver.o
 .debug_ranges  0x000003f8       0x98 ./SDK/platform/drivers/src/interrupt/interrupt_manager.o
 .debug_ranges  0x00000490       0x90 ./SDK/platform/drivers/src/edma/edma_irq.o
 .debug_ranges  0x00000520       0x90 ./SDK/platform/drivers/src/edma/edma_hw_access.o
 .debug_ranges  0x000005b0      0x190 ./SDK/platform/drivers/src/edma/edma_driver.o
 .debug_ranges  0x00000740      0x358 ./SDK/platform/drivers/src/clock/S32K1xx/clock_S32K1xx.o
 .debug_ranges  0x00000a98      0x180 ./SDK/platform/drivers/src/adc/adc_driver.o
 .debug_ranges  0x00000c18       0x10 ./SDK/platform/devices/startup.o
 .debug_ranges  0x00000c28       0x20 ./SDK/platform/devices/S32K142/startup/system_S32K142.o

.debug_macro    0x00000000    0x216c6
 .debug_macro   0x00000000      0x189 ./Sources/myUART.o
 .debug_macro   0x00000189      0x8d4 ./Sources/myUART.o
 .debug_macro   0x00000a5d       0x22 ./Sources/myUART.o
 .debug_macro   0x00000a7f       0x22 ./Sources/myUART.o
 .debug_macro   0x00000aa1       0x4f ./Sources/myUART.o
 .debug_macro   0x00000af0       0x51 ./Sources/myUART.o
 .debug_macro   0x00000b41       0xef ./Sources/myUART.o
 .debug_macro   0x00000c30       0x6a ./Sources/myUART.o
 .debug_macro   0x00000c9a      0x1df ./Sources/myUART.o
 .debug_macro   0x00000e79       0x10 ./Sources/myUART.o
 .debug_macro   0x00000e89       0x79 ./Sources/myUART.o
 .debug_macro   0x00000f02     0xed65 ./Sources/myUART.o
 .debug_macro   0x0000fc67      0xb62 ./Sources/myUART.o
 .debug_macro   0x000107c9       0x10 ./Sources/myUART.o
 .debug_macro   0x000107d9       0x83 ./Sources/myUART.o
 .debug_macro   0x0001085c      0x16d ./Sources/myUART.o
 .debug_macro   0x000109c9       0x16 ./Sources/myUART.o
 .debug_macro   0x000109df       0x10 ./Sources/myUART.o
 .debug_macro   0x000109ef       0x28 ./Sources/myUART.o
 .debug_macro   0x00010a17       0x10 ./Sources/myUART.o
 .debug_macro   0x00010a27       0x10 ./Sources/myUART.o
 .debug_macro   0x00010a37       0x16 ./Sources/myUART.o
 .debug_macro   0x00010a4d      0x278 ./Sources/main.o
 .debug_macro   0x00010cc5       0x16 ./Sources/main.o
 .debug_macro   0x00010cdb     0xed53 ./Sources/main.o
 .debug_macro   0x0001fa2e       0x16 ./Sources/main.o
 .debug_macro   0x0001fa44       0x52 ./Sources/main.o
 .debug_macro   0x0001fa96       0x3c ./Sources/main.o
 .debug_macro   0x0001fad2       0x9c ./Sources/main.o
 .debug_macro   0x0001fb6e       0x52 ./Sources/main.o
 .debug_macro   0x0001fbc0       0x1f ./Sources/main.o
 .debug_macro   0x0001fbdf       0x43 ./Sources/main.o
 .debug_macro   0x0001fc22       0x20 ./Sources/main.o
 .debug_macro   0x0001fc42      0x1a3 ./Sources/main.o
 .debug_macro   0x0001fde5      0x330 ./Sources/main.o
 .debug_macro   0x00020115       0x10 ./Sources/main.o
 .debug_macro   0x00020125       0x35 ./Sources/main.o
 .debug_macro   0x0002015a      0x191 ./Sources/helper_functions.o
 .debug_macro   0x000202eb       0xfb ./SDK/rtos/osif/osif_baremetal.o
 .debug_macro   0x000203e6       0xdd ./SDK/platform/drivers/src/pins/pins_port_hw_access.o
 .debug_macro   0x000204c3       0xdd ./SDK/platform/drivers/src/pins/pins_driver.o
 .debug_macro   0x000205a0       0xc0 ./SDK/platform/drivers/src/lpuart/lpuart_irq.o
 .debug_macro   0x00020660      0x108 ./SDK/platform/drivers/src/lpuart/lpuart_hw_access.o
 .debug_macro   0x00020768       0x34 ./SDK/platform/drivers/src/lpuart/lpuart_hw_access.o
 .debug_macro   0x0002079c      0x130 ./SDK/platform/drivers/src/lpuart/lpuart_driver.o
 .debug_macro   0x000208cc       0xb6 ./SDK/platform/drivers/src/interrupt/interrupt_manager.o
 .debug_macro   0x00020982       0xd0 ./SDK/platform/drivers/src/edma/edma_irq.o
 .debug_macro   0x00020a52       0xcc ./SDK/platform/drivers/src/edma/edma_hw_access.o
 .debug_macro   0x00020b1e       0xf7 ./SDK/platform/drivers/src/edma/edma_driver.o
 .debug_macro   0x00020c15      0x2a2 ./SDK/platform/drivers/src/clock/S32K1xx/clock_S32K1xx.o
 .debug_macro   0x00020eb7       0xea ./SDK/platform/drivers/src/adc/adc_driver.o
 .debug_macro   0x00020fa1       0xb6 ./SDK/platform/devices/startup.o
 .debug_macro   0x00021057       0x40 ./SDK/platform/devices/startup.o
 .debug_macro   0x00021097       0xb5 ./SDK/platform/devices/S32K142/startup/system_S32K142.o
 .debug_macro   0x0002114c       0xdc ./Generated_Code/pin_mux.o
 .debug_macro   0x00021228      0x189 ./Generated_Code/lpuart1.o
 .debug_macro   0x000213b1      0x185 ./Generated_Code/clockMan1.o
 .debug_macro   0x00021536      0x190 ./Generated_Code/adConv1.o

.debug_line     0x00000000     0x9d96
 .debug_line    0x00000000      0x609 ./Sources/myUART.o
 .debug_line    0x00000609      0x6c1 ./Sources/main.o
 .debug_line    0x00000cca      0x660 ./Sources/helper_functions.o
 .debug_line    0x0000132a      0x634 ./SDK/rtos/osif/osif_baremetal.o
 .debug_line    0x0000195e      0x598 ./SDK/platform/drivers/src/pins/pins_port_hw_access.o
 .debug_line    0x00001ef6      0x6d9 ./SDK/platform/drivers/src/pins/pins_driver.o
 .debug_line    0x000025cf      0x432 ./SDK/platform/drivers/src/lpuart/lpuart_irq.o
 .debug_line    0x00002a01      0x64c ./SDK/platform/drivers/src/lpuart/lpuart_hw_access.o
 .debug_line    0x0000304d      0xe89 ./SDK/platform/drivers/src/lpuart/lpuart_driver.o
 .debug_line    0x00003ed6      0x57e ./SDK/platform/drivers/src/interrupt/interrupt_manager.o
 .debug_line    0x00004454      0x567 ./SDK/platform/drivers/src/edma/edma_irq.o
 .debug_line    0x000049bb      0x600 ./SDK/platform/drivers/src/edma/edma_hw_access.o
 .debug_line    0x00004fbb     0x1073 ./SDK/platform/drivers/src/edma/edma_driver.o
 .debug_line    0x0000602e     0x1495 ./SDK/platform/drivers/src/clock/S32K1xx/clock_S32K1xx.o
 .debug_line    0x000074c3      0xb75 ./SDK/platform/drivers/src/adc/adc_driver.o
 .debug_line    0x00008038      0x399 ./SDK/platform/devices/startup.o
 .debug_line    0x000083d1      0x40c ./SDK/platform/devices/S32K142/startup/system_S32K142.o
 .debug_line    0x000087dd       0xcc ./Project_Settings/Startup_Code/startup_S32K142.o
 .debug_line    0x000088a9      0x3db ./Generated_Code/pin_mux.o
 .debug_line    0x00008c84      0x5b0 ./Generated_Code/lpuart1.o
 .debug_line    0x00009234      0x5b2 ./Generated_Code/clockMan1.o
 .debug_line    0x000097e6      0x5b0 ./Generated_Code/adConv1.o

.debug_str      0x00000000    0x75149
 .debug_str     0x00000000    0x6b955 ./Sources/myUART.o
                              0x6be39 (size before relaxing)
 .debug_str     0x0006b955     0x32a2 ./Sources/main.o
                              0x6f0d9 (size before relaxing)
 .debug_str     0x0006ebf7       0xef ./Sources/helper_functions.o
                              0x6bee5 (size before relaxing)
 .debug_str     0x0006ece6      0x277 ./SDK/rtos/osif/osif_baremetal.o
                              0x6990a (size before relaxing)
 .debug_str     0x0006ef5d      0x38d ./SDK/platform/drivers/src/pins/pins_port_hw_access.o
                              0x68fc4 (size before relaxing)
 .debug_str     0x0006f2ea      0x518 ./SDK/platform/drivers/src/pins/pins_driver.o
                              0x69adc (size before relaxing)
 .debug_str     0x0006f802       0xc0 ./SDK/platform/drivers/src/lpuart/lpuart_irq.o
                              0x685e6 (size before relaxing)
 .debug_str     0x0006f8c2      0x5fe ./SDK/platform/drivers/src/lpuart/lpuart_hw_access.o
                              0x6988e (size before relaxing)
 .debug_str     0x0006fec0      0xdc1 ./SDK/platform/drivers/src/lpuart/lpuart_driver.o
                              0x6ae4b (size before relaxing)
 .debug_str     0x00070c81      0x199 ./SDK/platform/drivers/src/interrupt/interrupt_manager.o
                              0x68dab (size before relaxing)
 .debug_str     0x00070e1a      0x2bb ./SDK/platform/drivers/src/edma/edma_irq.o
                              0x68bea (size before relaxing)
 .debug_str     0x000710d5      0x443 ./SDK/platform/drivers/src/edma/edma_hw_access.o
                              0x68edf (size before relaxing)
 .debug_str     0x00071518      0xb19 ./SDK/platform/drivers/src/edma/edma_driver.o
                              0x6b63f (size before relaxing)
 .debug_str     0x00072031     0x21fe ./SDK/platform/drivers/src/clock/S32K1xx/clock_S32K1xx.o
                              0x6c985 (size before relaxing)
 .debug_str     0x0007422f      0x9c7 ./SDK/platform/drivers/src/adc/adc_driver.o
                              0x6ad75 (size before relaxing)
 .debug_str     0x00074bf6      0x38c ./SDK/platform/devices/startup.o
                              0x68980 (size before relaxing)
 .debug_str     0x00074f82       0xd9 ./SDK/platform/devices/S32K142/startup/system_S32K142.o
                              0x6880e (size before relaxing)
 .debug_str     0x0007505b       0x7c ./Project_Settings/Startup_Code/startup_S32K142.o
                                 0xa2 (size before relaxing)
 .debug_str     0x000750d7       0x1c ./Generated_Code/pin_mux.o
                              0x68c70 (size before relaxing)
 .debug_str     0x000750f3       0x1c ./Generated_Code/lpuart1.o
                              0x6bdce (size before relaxing)
 .debug_str     0x0007510f       0x1e ./Generated_Code/clockMan1.o
                              0x6c268 (size before relaxing)
 .debug_str     0x0007512d       0x1c ./Generated_Code/adConv1.o
                              0x6bdce (size before relaxing)

.comment        0x00000000       0xa0
 .comment       0x00000000       0xa0 ./Sources/myUART.o
                                 0xa1 (size before relaxing)
 .comment       0x000000a0       0xa1 ./Sources/main.o
 .comment       0x000000a0       0xa1 ./Sources/helper_functions.o
 .comment       0x000000a0       0xa1 ./SDK/rtos/osif/osif_baremetal.o
 .comment       0x000000a0       0xa1 ./SDK/platform/drivers/src/pins/pins_port_hw_access.o
 .comment       0x000000a0       0xa1 ./SDK/platform/drivers/src/pins/pins_driver.o
 .comment       0x000000a0       0xa1 ./SDK/platform/drivers/src/lpuart/lpuart_irq.o
 .comment       0x000000a0       0xa1 ./SDK/platform/drivers/src/lpuart/lpuart_hw_access.o
 .comment       0x000000a0       0xa1 ./SDK/platform/drivers/src/lpuart/lpuart_driver.o
 .comment       0x000000a0       0xa1 ./SDK/platform/drivers/src/interrupt/interrupt_manager.o
 .comment       0x000000a0       0xa1 ./SDK/platform/drivers/src/edma/edma_irq.o
 .comment       0x000000a0       0xa1 ./SDK/platform/drivers/src/edma/edma_hw_access.o
 .comment       0x000000a0       0xa1 ./SDK/platform/drivers/src/edma/edma_driver.o
 .comment       0x000000a0       0xa1 ./SDK/platform/drivers/src/clock/S32K1xx/clock_S32K1xx.o
 .comment       0x000000a0       0xa1 ./SDK/platform/drivers/src/adc/adc_driver.o
 .comment       0x000000a0       0xa1 ./SDK/platform/devices/startup.o
 .comment       0x000000a0       0xa1 ./SDK/platform/devices/S32K142/startup/system_S32K142.o
 .comment       0x000000a0       0xa1 ./Generated_Code/pin_mux.o
 .comment       0x000000a0       0xa1 ./Generated_Code/lpuart1.o
 .comment       0x000000a0       0xa1 ./Generated_Code/clockMan1.o
 .comment       0x000000a0       0xa1 ./Generated_Code/adConv1.o

.debug_frame    0x00000000     0x171c
 .debug_frame   0x00000000       0x48 ./Sources/myUART.o
 .debug_frame   0x00000048       0x38 ./Sources/main.o
 .debug_frame   0x00000080       0x74 ./Sources/helper_functions.o
 .debug_frame   0x000000f4       0xf4 ./SDK/rtos/osif/osif_baremetal.o
 .debug_frame   0x000001e8       0xa0 ./SDK/platform/drivers/src/pins/pins_port_hw_access.o
 .debug_frame   0x00000288      0x1e4 ./SDK/platform/drivers/src/pins/pins_driver.o
 .debug_frame   0x0000046c       0x40 ./SDK/platform/drivers/src/lpuart/lpuart_irq.o
 .debug_frame   0x000004ac      0x100 ./SDK/platform/drivers/src/lpuart/lpuart_hw_access.o
 .debug_frame   0x000005ac      0x3ac ./SDK/platform/drivers/src/lpuart/lpuart_driver.o
 .debug_frame   0x00000958       0xd8 ./SDK/platform/drivers/src/interrupt/interrupt_manager.o
 .debug_frame   0x00000a30      0x1ac ./SDK/platform/drivers/src/edma/edma_irq.o
 .debug_frame   0x00000bdc      0x140 ./SDK/platform/drivers/src/edma/edma_hw_access.o
 .debug_frame   0x00000d1c      0x398 ./SDK/platform/drivers/src/edma/edma_driver.o
 .debug_frame   0x000010b4      0x384 ./SDK/platform/drivers/src/clock/S32K1xx/clock_S32K1xx.o
 .debug_frame   0x00001438      0x258 ./SDK/platform/drivers/src/adc/adc_driver.o
 .debug_frame   0x00001690       0x2c ./SDK/platform/devices/startup.o
 .debug_frame   0x000016bc       0x40 ./SDK/platform/devices/S32K142/startup/system_S32K142.o
 .debug_frame   0x000016fc       0x20 C:/NXP/S32DS_ARM_v2018.R1/Cross_Tools/gcc-6.3-arm32-eabi/arm-none-eabi/newlib/lib/thumb/v7e-m/fpv4-sp/hard\libc_nano.a(lib_a-memset.o)
