Archive member included to satisfy reference by file (symbol)

C:/NXP/S32DS_ARM_v2018.R1/Cross_Tools/gcc-6.3-arm32-eabi/arm-none-eabi/newlib/lib/thumb/v7e-m/fpv4-sp/hard\libc_nano.a(lib_a-exit.o)
                              C:/NXP/S32DS_ARM_v2018.R1/Cross_Tools/gcc-6.3-arm32-eabi/arm-none-eabi/newlib/lib/thumb/v7e-m/fpv4-sp/hard/crt0.o (exit)
C:/NXP/S32DS_ARM_v2018.R1/Cross_Tools/gcc-6.3-arm32-eabi/arm-none-eabi/newlib/lib/thumb/v7e-m/fpv4-sp/hard\libc_nano.a(lib_a-impure.o)
                              C:/NXP/S32DS_ARM_v2018.R1/Cross_Tools/gcc-6.3-arm32-eabi/arm-none-eabi/newlib/lib/thumb/v7e-m/fpv4-sp/hard\libc_nano.a(lib_a-exit.o) (_global_impure_ptr)
C:/NXP/S32DS_ARM_v2018.R1/Cross_Tools/gcc-6.3-arm32-eabi/arm-none-eabi/newlib/lib/thumb/v7e-m/fpv4-sp/hard\libc_nano.a(lib_a-init.o)
                              C:/NXP/S32DS_ARM_v2018.R1/Cross_Tools/gcc-6.3-arm32-eabi/arm-none-eabi/newlib/lib/thumb/v7e-m/fpv4-sp/hard/crt0.o (__libc_init_array)
C:/NXP/S32DS_ARM_v2018.R1/Cross_Tools/gcc-6.3-arm32-eabi/arm-none-eabi/newlib/lib/thumb/v7e-m/fpv4-sp/hard\libc_nano.a(lib_a-memset.o)
                              C:/NXP/S32DS_ARM_v2018.R1/Cross_Tools/gcc-6.3-arm32-eabi/arm-none-eabi/newlib/lib/thumb/v7e-m/fpv4-sp/hard/crt0.o (memset)
C:/NXP/S32DS_ARM_v2018.R1/Cross_Tools/gcc-6.3-arm32-eabi/arm-none-eabi/newlib/lib/thumb/v7e-m/fpv4-sp/hard\libc_nano.a(lib_a-strlen.o)
                              ./Sources/myUART.o (strlen)
C:/NXP/S32DS_ARM_v2018.R1/Cross_Tools/gcc-6.3-arm32-eabi/arm-none-eabi/newlib/lib/thumb/v7e-m/fpv4-sp/hard\libnosys.a(_exit.o)
                              C:/NXP/S32DS_ARM_v2018.R1/Cross_Tools/gcc-6.3-arm32-eabi/arm-none-eabi/newlib/lib/thumb/v7e-m/fpv4-sp/hard\libc_nano.a(lib_a-exit.o) (_exit)

Allocating common symbols
Common symbol       size              file

lpuart1_State       0x34              ./Generated_Code/lpuart1.o
g_xtal0ClkFreq      0x4               ./SDK/platform/drivers/src/clock/S32K1xx/clock_S32K1xx.o
adcRawValue_intern  0x2               ./Sources/myADC.o
adcMax_intern       0x2               ./Sources/myADC.o
g_RtcClkInFreq      0x4               ./SDK/platform/drivers/src/clock/S32K1xx/clock_S32K1xx.o
g_TClkFreq          0xc               ./SDK/platform/drivers/src/clock/S32K1xx/clock_S32K1xx.o
dmaController1_State
                    0x40              ./Generated_Code/dmaController1.o
dmaController1Chn0_State
                    0x10              ./Generated_Code/dmaController1.o

Discarded input sections

 .text          0x00000000        0x0 c:/nxp/s32ds_arm_v2018.r1/cross_tools/gcc-6.3-arm32-eabi/bin/../lib/gcc/arm-none-eabi/6.3.1/thumb/v7e-m/fpv4-sp/hard/crti.o
 .data          0x00000000        0x0 c:/nxp/s32ds_arm_v2018.r1/cross_tools/gcc-6.3-arm32-eabi/bin/../lib/gcc/arm-none-eabi/6.3.1/thumb/v7e-m/fpv4-sp/hard/crti.o
 .bss           0x00000000        0x0 c:/nxp/s32ds_arm_v2018.r1/cross_tools/gcc-6.3-arm32-eabi/bin/../lib/gcc/arm-none-eabi/6.3.1/thumb/v7e-m/fpv4-sp/hard/crti.o
 .text          0x00000000       0xa4 c:/nxp/s32ds_arm_v2018.r1/cross_tools/gcc-6.3-arm32-eabi/bin/../lib/gcc/arm-none-eabi/6.3.1/thumb/v7e-m/fpv4-sp/hard/crtbegin.o
 .data          0x00000000        0x4 c:/nxp/s32ds_arm_v2018.r1/cross_tools/gcc-6.3-arm32-eabi/bin/../lib/gcc/arm-none-eabi/6.3.1/thumb/v7e-m/fpv4-sp/hard/crtbegin.o
 .bss           0x00000000       0x1c c:/nxp/s32ds_arm_v2018.r1/cross_tools/gcc-6.3-arm32-eabi/bin/../lib/gcc/arm-none-eabi/6.3.1/thumb/v7e-m/fpv4-sp/hard/crtbegin.o
 .init_array    0x00000000        0x4 c:/nxp/s32ds_arm_v2018.r1/cross_tools/gcc-6.3-arm32-eabi/bin/../lib/gcc/arm-none-eabi/6.3.1/thumb/v7e-m/fpv4-sp/hard/crtbegin.o
 .fini_array    0x00000000        0x4 c:/nxp/s32ds_arm_v2018.r1/cross_tools/gcc-6.3-arm32-eabi/bin/../lib/gcc/arm-none-eabi/6.3.1/thumb/v7e-m/fpv4-sp/hard/crtbegin.o
 .eh_frame      0x00000000        0x0 c:/nxp/s32ds_arm_v2018.r1/cross_tools/gcc-6.3-arm32-eabi/bin/../lib/gcc/arm-none-eabi/6.3.1/thumb/v7e-m/fpv4-sp/hard/crtbegin.o
 .jcr           0x00000000        0x0 c:/nxp/s32ds_arm_v2018.r1/cross_tools/gcc-6.3-arm32-eabi/bin/../lib/gcc/arm-none-eabi/6.3.1/thumb/v7e-m/fpv4-sp/hard/crtbegin.o
 .tm_clone_table
                0x00000000        0x0 c:/nxp/s32ds_arm_v2018.r1/cross_tools/gcc-6.3-arm32-eabi/bin/../lib/gcc/arm-none-eabi/6.3.1/thumb/v7e-m/fpv4-sp/hard/crtbegin.o
 .comment       0x00000000       0xa1 c:/nxp/s32ds_arm_v2018.r1/cross_tools/gcc-6.3-arm32-eabi/bin/../lib/gcc/arm-none-eabi/6.3.1/thumb/v7e-m/fpv4-sp/hard/crtbegin.o
 .ARM.attributes
                0x00000000       0x34 c:/nxp/s32ds_arm_v2018.r1/cross_tools/gcc-6.3-arm32-eabi/bin/../lib/gcc/arm-none-eabi/6.3.1/thumb/v7e-m/fpv4-sp/hard/crtbegin.o
 .text          0x00000000       0x74 C:/NXP/S32DS_ARM_v2018.R1/Cross_Tools/gcc-6.3-arm32-eabi/arm-none-eabi/newlib/lib/thumb/v7e-m/fpv4-sp/hard/crt0.o
[...]
Memory Configuration

Name             Origin             Length             Attributes
m_interrupts     0x00000000         0x00000400         xr
m_flash_config   0x00000400         0x00000010         xr
m_text           0x00000410         0x0003fbf0         xr
m_data           0x1fffc000         0x00004000         rw
m_data_2         0x20000000         0x00003000         rw
*default*        0x00000000         0xffffffff

Linker script and memory map

LOAD c:/nxp/s32ds_arm_v2018.r1/cross_tools/gcc-6.3-arm32-eabi/bin/../lib/gcc/arm-none-eabi/6.3.1/thumb/v7e-m/fpv4-sp/hard/crti.o
LOAD c:/nxp/s32ds_arm_v2018.r1/cross_tools/gcc-6.3-arm32-eabi/bin/../lib/gcc/arm-none-eabi/6.3.1/thumb/v7e-m/fpv4-sp/hard/crtbegin.o
LOAD C:/NXP/S32DS_ARM_v2018.R1/Cross_Tools/gcc-6.3-arm32-eabi/arm-none-eabi/newlib/lib/thumb/v7e-m/fpv4-sp/hard/crt0.o
LOAD ./Sources/myUART.o
LOAD ./Sources/myADC.o
LOAD ./Sources/helper_functions.o
LOAD ./SDK/rtos/osif/osif_baremetal.o
LOAD ./SDK/platform/drivers/src/pins/pins_port_hw_access.o
LOAD ./SDK/platform/drivers/src/pins/pins_driver.o
LOAD ./SDK/platform/drivers/src/lpuart/lpuart_irq.o
LOAD ./SDK/platform/drivers/src/lpuart/lpuart_hw_access.o
LOAD ./SDK/platform/drivers/src/lpuart/lpuart_driver.o
LOAD ./SDK/platform/drivers/src/interrupt/interrupt_manager.o
LOAD ./SDK/platform/drivers/src/edma/edma_irq.o
LOAD ./SDK/platform/drivers/src/edma/edma_hw_access.o
LOAD ./SDK/platform/drivers/src/edma/edma_driver.o
LOAD ./SDK/platform/drivers/src/clock/S32K1xx/clock_S32K1xx.o
LOAD ./SDK/platform/drivers/src/adc/adc_driver.o
LOAD ./SDK/platform/devices/startup.o
LOAD ./SDK/platform/devices/S32K142/startup/system_S32K142.o
LOAD ./Project_Settings/Startup_Code/startup_S32K142.o
LOAD ./Generated_Code/pin_mux.o
LOAD ./Generated_Code/lpuart1.o
LOAD ./Generated_Code/dmaController1.o
LOAD ./Generated_Code/clockMan1.o
LOAD ./Generated_Code/adConv1.o
LOAD ./Generated_Code/Cpu.o
START GROUP
LOAD c:/nxp/s32ds_arm_v2018.r1/cross_tools/gcc-6.3-arm32-eabi/bin/../lib/gcc/arm-none-eabi/6.3.1/thumb/v7e-m/fpv4-sp/hard\libgcc.a
LOAD C:/NXP/S32DS_ARM_v2018.R1/Cross_Tools/gcc-6.3-arm32-eabi/arm-none-eabi/newlib/lib/thumb/v7e-m/fpv4-sp/hard\libc_nano.a
END GROUP
START GROUP
LOAD c:/nxp/s32ds_arm_v2018.r1/cross_tools/gcc-6.3-arm32-eabi/bin/../lib/gcc/arm-none-eabi/6.3.1/thumb/v7e-m/fpv4-sp/hard\libgcc.a
LOAD C:/NXP/S32DS_ARM_v2018.R1/Cross_Tools/gcc-6.3-arm32-eabi/arm-none-eabi/newlib/lib/thumb/v7e-m/fpv4-sp/hard\libc_nano.a
LOAD C:/NXP/S32DS_ARM_v2018.R1/Cross_Tools/gcc-6.3-arm32-eabi/arm-none-eabi/newlib/lib/thumb/v7e-m/fpv4-sp/hard\libnosys.a
END GROUP
START GROUP
LOAD c:/nxp/s32ds_arm_v2018.r1/cross_tools/gcc-6.3-arm32-eabi/bin/../lib/gcc/arm-none-eabi/6.3.1/thumb/v7e-m/fpv4-sp/hard\libgcc.a
LOAD C:/NXP/S32DS_ARM_v2018.R1/Cross_Tools/gcc-6.3-arm32-eabi/arm-none-eabi/newlib/lib/thumb/v7e-m/fpv4-sp/hard\libc_nano.a
LOAD C:/NXP/S32DS_ARM_v2018.R1/Cross_Tools/gcc-6.3-arm32-eabi/arm-none-eabi/newlib/lib/thumb/v7e-m/fpv4-sp/hard\libnosys.a
END GROUP
LOAD c:/nxp/s32ds_arm_v2018.r1/cross_tools/gcc-6.3-arm32-eabi/bin/../lib/gcc/arm-none-eabi/6.3.1/thumb/v7e-m/fpv4-sp/hard/crtend.o
LOAD c:/nxp/s32ds_arm_v2018.r1/cross_tools/gcc-6.3-arm32-eabi/bin/../lib/gcc/arm-none-eabi/6.3.1/thumb/v7e-m/fpv4-sp/hard/crtn.o
                0x00000400                HEAP_SIZE = DEFINED (__heap_size__)?__heap_size__:0x400
                0x00000400                STACK_SIZE = DEFINED (__stack_size__)?__stack_size__:0x400
                0x00000400                M_VECTOR_RAM_SIZE = DEFINED (__flash_vector_table__)?0x0:0x400

.interrupts     0x00000000      0x400
                0x00000000                __VECTOR_TABLE = .
                0x00000000                __interrupts_start__ = .
                0x00000000                . = ALIGN (0x4)
 *(.isr_vector)
 .isr_vector    0x00000000      0x400 ./Project_Settings/Startup_Code/startup_S32K142.o
                0x00000000                __isr_vector
                0x00000400                __interrupts_end__ = .
                0x00000400                . = ALIGN (0x4)

.flash_config   0x00000400       0x10
                0x00000400                . = ALIGN (0x4)
 *(.FlashConfig)
 .FlashConfig   0x00000400       0x10 ./Project_Settings/Startup_Code/startup_S32K142.o
                0x00000410                . = ALIGN (0x4)

.text           0x00000410      0x2fc
                0x00000410                . = ALIGN (0x4)
 *(.text)
 .text          0x00000410       0x6c ./Project_Settings/Startup_Code/startup_S32K142.o
                0x00000410                Reset_Handler
                0x00000478                Reserved111_IRQHandler
                0x00000478                DebugMon_Handler
                0x00000478                Reserved88_IRQHandler
                0x00000478                CAN0_ORed_IRQHandler
                0x00000478                HardFault_Handler
                0x00000478                Reserved86_IRQHandler
                0x00000478                Reserved103_IRQHandler
                0x00000478                FTM2_Ovf_Reload_IRQHandler
                0x00000478                Reserved50_IRQHandler
                0x00000478                FTFC_Fault_IRQHandler
                0x00000478                FTM0_Ch6_Ch7_IRQHandler
                0x00000478                Reserved114_IRQHandler
                0x00000478                PendSV_Handler
                0x00000478                NMI_Handler
                0x00000478                Reserved89_IRQHandler
                0x00000478                ERM_double_fault_IRQHandler
                0x00000478                Reserved59_IRQHandler
                0x00000478                LPIT0_Ch0_IRQHandler
                0x00000478                Reserved99_IRQHandler
                0x00000478                FTM3_Ch6_Ch7_IRQHandler
                0x00000478                LPIT0_Ch3_IRQHandler
                0x00000478                Reserved92_IRQHandler
                0x00000478                FTM0_Ch4_Ch5_IRQHandler
                0x00000478                CAN1_Error_IRQHandler
                0x00000478                FTM3_Ch0_Ch1_IRQHandler
                0x00000478                SWI_IRQHandler
                0x00000478                ADC0_IRQHandler
                0x00000478                FTM2_Ch4_Ch5_IRQHandler
                0x00000478                UsageFault_Handler
                0x00000478                FTM0_Ovf_Reload_IRQHandler
                0x00000478                DefaultISR
                0x00000478                Reserved58_IRQHandler
                0x00000478                CAN1_ORed_0_15_MB_IRQHandler
                0x00000478                FTM1_Ch2_Ch3_IRQHandler
                0x00000478                Reserved82_IRQHandler
                0x00000478                CAN0_ORed_16_31_MB_IRQHandler
                0x00000478                LPI2C0_Slave_IRQHandler
                0x00000478                Reserved71_IRQHandler
                0x00000478                PORTD_IRQHandler
                0x00000478                Reserved69_IRQHandler
                0x00000478                PORTB_IRQHandler
                0x00000478                Reserved70_IRQHandler
                0x00000478                ADC1_IRQHandler
                0x00000478                FTM2_Ch2_Ch3_IRQHandler
                0x00000478                Reserved53_IRQHandler
                0x00000478                RTC_IRQHandler
                0x00000478                PDB0_IRQHandler
                0x00000478                Reserved54_IRQHandler
                0x00000478                FTM2_Ch6_Ch7_IRQHandler
                0x00000478                FTM3_Ch2_Ch3_IRQHandler
                0x00000478                FTM2_Ch0_Ch1_IRQHandler
                0x00000478                LPSPI1_IRQHandler
                0x00000478                LPUART1_RxTx_IRQHandler
                0x00000478                RTC_Seconds_IRQHandler
                0x00000478                Reserved108_IRQHandler
                0x00000478                Reserved72_IRQHandler
                0x00000478                Reserved110_IRQHandler
                0x00000478                Reserved107_IRQHandler
                0x00000478                Read_Collision_IRQHandler
                0x00000478                FTFC_IRQHandler
                0x00000478                FTM1_Ch6_Ch7_IRQHandler
                0x00000478                Reserved105_IRQHandler
                0x00000478                LPIT0_Ch1_IRQHandler
                0x00000478                FTM1_Ch4_Ch5_IRQHandler
                0x00000478                FTM3_Ovf_Reload_IRQHandler
                0x00000478                LPSPI0_IRQHandler
                0x00000478                WDOG_EWM_IRQHandler
                0x00000478                MemManage_Handler
                0x00000478                Reserved90_IRQHandler
                0x00000478                Reserved83_IRQHandler
                0x00000478                FTM0_Fault_IRQHandler
                0x00000478                Reserved48_IRQHandler
                0x00000478                SVC_Handler
                0x00000478                ERM_single_fault_IRQHandler
                0x00000478                FTM2_Fault_IRQHandler
                0x00000478                FTM0_Ch2_Ch3_IRQHandler
                0x00000478                Reserved109_IRQHandler
                0x00000478                FTM0_Ch0_Ch1_IRQHandler
                0x00000478                FTM3_Fault_IRQHandler
                0x00000478                RCM_IRQHandler
                0x00000478                Reserved100_IRQHandler
                0x00000478                Reserved91_IRQHandler
                0x00000478                CAN1_ORed_IRQHandler
                0x00000478                SCG_IRQHandler
                0x00000478                PDB1_IRQHandler
                0x00000478                Reserved81_IRQHandler
                0x00000478                Reserved46_IRQHandler
                0x00000478                Reserved45_IRQHandler
                0x00000478                CAN0_Error_IRQHandler
                0x00000478                Reserved112_IRQHandler
                0x00000478                LPI2C0_Master_IRQHandler
                0x00000478                FTM1_Fault_IRQHandler
                0x00000478                Reserved106_IRQHandler
                0x00000478                LVD_LVW_IRQHandler
                0x00000478                LPIT0_Ch2_IRQHandler
                0x00000478                Reserved51_IRQHandler
                0x00000478                PORTA_IRQHandler
                0x00000478                MCM_IRQHandler
                0x00000478                Reserved44_IRQHandler
                0x00000478                FTM3_Ch4_Ch5_IRQHandler
                0x00000478                CAN0_ORed_0_15_MB_IRQHandler
                0x00000478                PORTE_IRQHandler
                0x00000478                LPUART0_RxTx_IRQHandler
                0x00000478                LPTMR0_IRQHandler
                0x00000478                BusFault_Handler
                0x00000478                Reserved87_IRQHandler
                0x00000478                FTM1_Ovf_Reload_IRQHandler
                0x00000478                Reserved93_IRQHandler
                0x00000478                CAN0_Wake_Up_IRQHandler
                0x00000478                CMP0_IRQHandler
                0x00000478                Reserved52_IRQHandler
                0x00000478                PORTC_IRQHandler
                0x00000478                FTM1_Ch0_Ch1_IRQHandler
                0x00000478                FLEXIO_IRQHandler
                0x00000478                Reserved113_IRQHandler
 *(.text*)
 .text.SysTick_Handler
                0x0000047c       0x10 ./SDK/rtos/osif/osif_baremetal.o
                0x0000047c                SysTick_Handler
 .text.DMA0_IRQHandler
                0x0000048c        0xa ./SDK/platform/drivers/src/edma/edma_irq.o
                0x0000048c                DMA0_IRQHandler
 .text.DMA1_IRQHandler
                0x00000496        0xa ./SDK/platform/drivers/src/edma/edma_irq.o
                0x00000496                DMA1_IRQHandler
 .text.DMA2_IRQHandler
                0x000004a0        0xa ./SDK/platform/drivers/src/edma/edma_irq.o
                0x000004a0                DMA2_IRQHandler
 .text.DMA3_IRQHandler
                0x000004aa        0xa ./SDK/platform/drivers/src/edma/edma_irq.o
                0x000004aa                DMA3_IRQHandler
 .text.DMA4_IRQHandler
                0x000004b4        0xa ./SDK/platform/drivers/src/edma/edma_irq.o
                0x000004b4                DMA4_IRQHandler
 .text.DMA5_IRQHandler
                0x000004be        0xa ./SDK/platform/drivers/src/edma/edma_irq.o
                0x000004be                DMA5_IRQHandler
 .text.DMA6_IRQHandler
                0x000004c8        0xa ./SDK/platform/drivers/src/edma/edma_irq.o
                0x000004c8                DMA6_IRQHandler
 .text.DMA7_IRQHandler
                0x000004d2        0xa ./SDK/platform/drivers/src/edma/edma_irq.o
                0x000004d2                DMA7_IRQHandler
 .text.DMA8_IRQHandler
                0x000004dc        0xa ./SDK/platform/drivers/src/edma/edma_irq.o
                0x000004dc                DMA8_IRQHandler
 .text.DMA9_IRQHandler
                0x000004e6        0xa ./SDK/platform/drivers/src/edma/edma_irq.o
                0x000004e6                DMA9_IRQHandler
 .text.DMA10_IRQHandler
                0x000004f0        0xa ./SDK/platform/drivers/src/edma/edma_irq.o
                0x000004f0                DMA10_IRQHandler
 .text.DMA11_IRQHandler
                0x000004fa        0xa ./SDK/platform/drivers/src/edma/edma_irq.o
                0x000004fa                DMA11_IRQHandler
 .text.DMA12_IRQHandler
                0x00000504        0xa ./SDK/platform/drivers/src/edma/edma_irq.o
                0x00000504                DMA12_IRQHandler
 .text.DMA13_IRQHandler
                0x0000050e        0xa ./SDK/platform/drivers/src/edma/edma_irq.o
                0x0000050e                DMA13_IRQHandler
 .text.DMA14_IRQHandler
                0x00000518        0xa ./SDK/platform/drivers/src/edma/edma_irq.o
                0x00000518                DMA14_IRQHandler
 .text.DMA15_IRQHandler
                0x00000522        0xa ./SDK/platform/drivers/src/edma/edma_irq.o
                0x00000522                DMA15_IRQHandler
 .text.DMA_Error_IRQHandler
                0x0000052c       0x28 ./SDK/platform/drivers/src/edma/edma_irq.o
                0x0000052c                DMA_Error_IRQHandler
 .text.EDMA_SetDmaRequestCmd
                0x00000554        0xa ./SDK/platform/drivers/src/edma/edma_hw_access.o
                0x00000554                EDMA_SetDmaRequestCmd
 *fill*         0x0000055e        0x2 
 .text.EDMA_DRV_ClearIntStatus
                0x00000560       0x20 ./SDK/platform/drivers/src/edma/edma_driver.o
 .text.EDMA_DRV_IRQHandler
                0x00000580       0x20 ./SDK/platform/drivers/src/edma/edma_driver.o
                0x00000580                EDMA_DRV_IRQHandler
 .text.EDMA_DRV_ErrorIRQHandler
                0x000005a0       0x40 ./SDK/platform/drivers/src/edma/edma_driver.o
                0x000005a0                EDMA_DRV_ErrorIRQHandler
 .text.EDMA_DRV_GetDmaRegBaseAddr
                0x000005e0       0x10 ./SDK/platform/drivers/src/edma/edma_driver.o
                0x000005e0                EDMA_DRV_GetDmaRegBaseAddr
 .text.init_data_bss
                0x000005f0       0xd8 ./SDK/platform/devices/startup.o
                0x000005f0                init_data_bss
 .text.SystemInit
                0x000006c8       0x3c ./SDK/platform/devices/S32K142/startup/system_S32K142.o
                0x000006c8                SystemInit
 *(.rodata)
 *(.rodata*)
 *(.init)
 .init          0x00000704        0x4 c:/nxp/s32ds_arm_v2018.r1/cross_tools/gcc-6.3-arm32-eabi/bin/../lib/gcc/arm-none-eabi/6.3.1/thumb/v7e-m/fpv4-sp/hard/crti.o
                0x00000704                _init
 *(.fini)
 .fini          0x00000708        0x4 c:/nxp/s32ds_arm_v2018.r1/cross_tools/gcc-6.3-arm32-eabi/bin/../lib/gcc/arm-none-eabi/6.3.1/thumb/v7e-m/fpv4-sp/hard/crti.o
                0x00000708                _fini
 *(.eh_frame)
                0x0000070c                . = ALIGN (0x4)

.glue_7         0x0000070c        0x0
 .glue_7        0x0000070c        0x0 linker stubs

.glue_7t        0x0000070c        0x0
 .glue_7t       0x0000070c        0x0 linker stubs

.vfp11_veneer   0x0000070c        0x0
 .vfp11_veneer  0x0000070c        0x0 linker stubs

.v4_bx          0x0000070c        0x0
 .v4_bx         0x0000070c        0x0 linker stubs

.iplt           0x0000070c        0x0
 .iplt          0x0000070c        0x0 c:/nxp/s32ds_arm_v2018.r1/cross_tools/gcc-6.3-arm32-eabi/bin/../lib/gcc/arm-none-eabi/6.3.1/thumb/v7e-m/fpv4-sp/hard/crtbegin.o

.rel.dyn        0x0000070c        0x0
 .rel.iplt      0x0000070c        0x0 c:/nxp/s32ds_arm_v2018.r1/cross_tools/gcc-6.3-arm32-eabi/bin/../lib/gcc/arm-none-eabi/6.3.1/thumb/v7e-m/fpv4-sp/hard/crtbegin.o

.ARM            0x0000070c        0x0
                0x0000070c                __exidx_start = .
 *(.ARM.exidx*)
                0x0000070c                __exidx_end = .
                0x0000070c                __etext = .
                0x0000070c                __DATA_ROM = .

.interrupts_ram
                0x1fffc000      0x400
                0x1fffc000                . = ALIGN (0x4)
                0x1fffc000                __VECTOR_RAM__ = .
                0x1fffc000                __RAM_START = .
                0x1fffc000                __interrupts_ram_start__ = .
 *(.m_interrupts_ram)
                0x1fffc400                . = (. + M_VECTOR_RAM_SIZE)
 *fill*         0x1fffc000      0x400 
                0x1fffc400                . = ALIGN (0x4)
                0x1fffc400                __interrupts_ram_end__ = .
                0x1fffc000                __VECTOR_RAM = DEFINED (__flash_vector_table__)?ORIGIN (m_interrupts):__VECTOR_RAM__
                0x00000400                __RAM_VECTOR_TABLE_SIZE = DEFINED (__flash_vector_table__)?0x0:(__interrupts_ram_end__ - __interrupts_ram_start__)

.data           0x1fffc400        0x0 load address 0x0000070c
                0x1fffc400                . = ALIGN (0x4)
                0x1fffc400                __DATA_RAM = .
                0x1fffc400                __data_start__ = .
 *(.data)
 *(.data*)
                0x1fffc400                . = ALIGN (0x4)
                0x1fffc400                __data_end__ = .
                0x0000070c                __DATA_END = (__DATA_ROM + (__data_end__ - __data_start__))
                0x0000070c                __CODE_ROM = __DATA_END

.igot.plt       0x1fffc400        0x0
 .igot.plt      0x1fffc400        0x0 c:/nxp/s32ds_arm_v2018.r1/cross_tools/gcc-6.3-arm32-eabi/bin/../lib/gcc/arm-none-eabi/6.3.1/thumb/v7e-m/fpv4-sp/hard/crtbegin.o

.code           0x1fffc400        0x0 load address 0x0000070c
                0x1fffc400                . = ALIGN (0x4)
                0x1fffc400                __CODE_RAM = .
                0x1fffc400                __code_start__ = .
                0x1fffc400                __code_ram_start__ = .
 *(.code_ram)
                0x1fffc400                . = ALIGN (0x4)
                0x1fffc400                __code_end__ = .
                0x1fffc400                __code_ram_end__ = .
                0x0000070c                __CODE_END = (__CODE_ROM + (__code_end__ - __code_start__))
                0x0000070c                __CUSTOM_ROM = __CODE_END

.customSectionBlock
                0x20000000        0x0 load address 0x0000070c
                0x20000000                __customSection_start__ = .
 *(.customSection)
                0x20000000                __customSection_end__ = .
                0x0000070c                __CUSTOM_END = (__CUSTOM_ROM + (__customSection_end__ - __customSection_start__))

.bss            0x20000000        0x8
                0x20000000                . = ALIGN (0x4)
                0x20000000                __BSS_START = .
                0x20000000                __bss_start__ = .
 *(.bss)
 *(.bss*)
 .bss.s_osif_tick_cnt
                0x20000000        0x4 ./SDK/rtos/osif/osif_baremetal.o
 .bss.s_virtEdmaState
                0x20000004        0x4 ./SDK/platform/drivers/src/edma/edma_driver.o
 *(COMMON)
                0x20000008                . = ALIGN (0x4)
                0x20000008                __bss_end__ = .
                0x20000008                __BSS_END = .

.heap           0x20000008      0x400
                0x20000008                . = ALIGN (0x8)
                0x20000008                __end__ = .
                0x20000008                __heap_start__ = .
                [!provide]                PROVIDE (end, .)
                [!provide]                PROVIDE (_end, .)
                [!provide]                PROVIDE (__end, .)
                0x20000008                __HeapBase = .
                0x20000408                . = (. + HEAP_SIZE)
 *fill*         0x20000008      0x400 
                0x20000408                __HeapLimit = .
                0x20000408                __heap_limit = .
                0x20000408                __heap_end__ = .
                0x20003000                __StackTop = (ORIGIN (m_data_2) + LENGTH (m_data_2))
                0x20002c00                __StackLimit = (__StackTop - STACK_SIZE)
                0x20003000                PROVIDE (__stack, __StackTop)
                0x20003000                __RAM_END = __StackTop

.stack          0x20002c00      0x400
                0x20002c00                . = ALIGN (0x8)
                0x20002c00                __stack_start__ = .
                0x20003000                . = (. + STACK_SIZE)
 *fill*         0x20002c00      0x400 
                0x20003000                __stack_end__ = .

.ARM.attributes
                0x00000000       0x30
 *(.ARM.attributes)
 .ARM.attributes
                0x00000000       0x22 c:/nxp/s32ds_arm_v2018.r1/cross_tools/gcc-6.3-arm32-eabi/bin/../lib/gcc/arm-none-eabi/6.3.1/thumb/v7e-m/fpv4-sp/hard/crti.o
 .ARM.attributes
                0x00000022       0x39 ./SDK/rtos/osif/osif_baremetal.o
 .ARM.attributes
                0x0000005b       0x39 ./SDK/platform/drivers/src/edma/edma_irq.o
 .ARM.attributes
                0x00000094       0x39 ./SDK/platform/drivers/src/edma/edma_hw_access.o
 .ARM.attributes
                0x000000cd       0x39 ./SDK/platform/drivers/src/edma/edma_driver.o
 .ARM.attributes
                0x00000106       0x39 ./SDK/platform/devices/startup.o
 .ARM.attributes
                0x0000013f       0x39 ./SDK/platform/devices/S32K142/startup/system_S32K142.o
 .ARM.attributes
                0x00000178       0x1f ./Project_Settings/Startup_Code/startup_S32K142.o
                0x00000001                ASSERT ((__StackLimit >= __HeapLimit), region m_data_2 overflowed with stack and heap)
OUTPUT(abcd.elf elf32-littlearm)

.debug_info     0x00000000     0x6c08
 .debug_info    0x00000000      0xb95 ./SDK/rtos/osif/osif_baremetal.o
 .debug_info    0x00000b95      0x6db ./SDK/platform/drivers/src/edma/edma_irq.o
 .debug_info    0x00001270      0xa55 ./SDK/platform/drivers/src/edma/edma_hw_access.o
 .debug_info    0x00001cc5     0x474f ./SDK/platform/drivers/src/edma/edma_driver.o
 .debug_info    0x00006414      0x2ad ./SDK/platform/devices/startup.o
 .debug_info    0x000066c1      0x521 ./SDK/platform/devices/S32K142/startup/system_S32K142.o
 .debug_info    0x00006be2       0x26 ./Project_Settings/Startup_Code/startup_S32K142.o

.debug_abbrev   0x00000000      0xd20
 .debug_abbrev  0x00000000      0x2df ./SDK/rtos/osif/osif_baremetal.o
 .debug_abbrev  0x000002df      0x1b9 ./SDK/platform/drivers/src/edma/edma_irq.o
 .debug_abbrev  0x00000498      0x240 ./SDK/platform/drivers/src/edma/edma_hw_access.o
 .debug_abbrev  0x000006d8      0x412 ./SDK/platform/drivers/src/edma/edma_driver.o
 .debug_abbrev  0x00000aea       0xe1 ./SDK/platform/devices/startup.o
 .debug_abbrev  0x00000bcb      0x141 ./SDK/platform/devices/S32K142/startup/system_S32K142.o
 .debug_abbrev  0x00000d0c       0x14 ./Project_Settings/Startup_Code/startup_S32K142.o

.debug_loc      0x00000000     0x3f99
 .debug_loc     0x00000000      0x353 ./SDK/rtos/osif/osif_baremetal.o
 .debug_loc     0x00000353       0x50 ./SDK/platform/drivers/src/edma/edma_irq.o
 .debug_loc     0x000003a3      0x7b9 ./SDK/platform/drivers/src/edma/edma_hw_access.o
 .debug_loc     0x00000b5c     0x3266 ./SDK/platform/drivers/src/edma/edma_driver.o
 .debug_loc     0x00003dc2       0xec ./SDK/platform/devices/startup.o
 .debug_loc     0x00003eae       0xeb ./SDK/platform/devices/S32K142/startup/system_S32K142.o

.debug_aranges  0x00000000      0x348
 .debug_aranges
                0x00000000       0x70 ./SDK/rtos/osif/osif_baremetal.o
 .debug_aranges
                0x00000070       0xa0 ./SDK/platform/drivers/src/edma/edma_irq.o
 .debug_aranges
                0x00000110       0x88 ./SDK/platform/drivers/src/edma/edma_hw_access.o
 .debug_aranges
                0x00000198      0x140 ./SDK/platform/drivers/src/edma/edma_driver.o
 .debug_aranges
                0x000002d8       0x20 ./SDK/platform/devices/startup.o
 .debug_aranges
                0x000002f8       0x30 ./SDK/platform/devices/S32K142/startup/system_S32K142.o
 .debug_aranges
                0x00000328       0x20 ./Project_Settings/Startup_Code/startup_S32K142.o

.debug_ranges   0x00000000      0x378
 .debug_ranges  0x00000000       0x98 ./SDK/rtos/osif/osif_baremetal.o
 .debug_ranges  0x00000098       0x90 ./SDK/platform/drivers/src/edma/edma_irq.o
 .debug_ranges  0x00000128       0x90 ./SDK/platform/drivers/src/edma/edma_hw_access.o
 .debug_ranges  0x000001b8      0x190 ./SDK/platform/drivers/src/edma/edma_driver.o
 .debug_ranges  0x00000348       0x10 ./SDK/platform/devices/startup.o
 .debug_ranges  0x00000358       0x20 ./SDK/platform/devices/S32K142/startup/system_S32K142.o

.debug_macro    0x00000000      0x539
 .debug_macro   0x00000000       0xfb ./SDK/rtos/osif/osif_baremetal.o
 .debug_macro   0x000000fb       0xd0 ./SDK/platform/drivers/src/edma/edma_irq.o
 .debug_macro   0x000001cb       0xcc ./SDK/platform/drivers/src/edma/edma_hw_access.o
 .debug_macro   0x00000297       0xf7 ./SDK/platform/drivers/src/edma/edma_driver.o
 .debug_macro   0x0000038e       0xb6 ./SDK/platform/devices/startup.o
 .debug_macro   0x00000444       0x40 ./SDK/platform/devices/startup.o
 .debug_macro   0x00000484       0xb5 ./SDK/platform/devices/S32K142/startup/system_S32K142.o

.debug_line     0x00000000     0x2a7f
 .debug_line    0x00000000      0x634 ./SDK/rtos/osif/osif_baremetal.o
 .debug_line    0x00000634      0x567 ./SDK/platform/drivers/src/edma/edma_irq.o
 .debug_line    0x00000b9b      0x600 ./SDK/platform/drivers/src/edma/edma_hw_access.o
 .debug_line    0x0000119b     0x1073 ./SDK/platform/drivers/src/edma/edma_driver.o
 .debug_line    0x0000220e      0x399 ./SDK/platform/devices/startup.o
 .debug_line    0x000025a7      0x40c ./SDK/platform/devices/S32K142/startup/system_S32K142.o
 .debug_line    0x000029b3       0xcc ./Project_Settings/Startup_Code/startup_S32K142.o

.debug_str      0x00000000    0x6bd06
 .debug_str     0x00000000    0x694f8 ./SDK/rtos/osif/osif_baremetal.o
                              0x6990a (size before relaxing)
 .debug_str     0x000694f8      0x3a0 ./SDK/platform/drivers/src/edma/edma_irq.o
                              0x68bea (size before relaxing)
 .debug_str     0x00069898      0x4e0 ./SDK/platform/drivers/src/edma/edma_hw_access.o
                              0x68edf (size before relaxing)
 .debug_str     0x00069d78     0x18b9 ./SDK/platform/drivers/src/edma/edma_driver.o
                              0x6b63f (size before relaxing)
 .debug_str     0x0006b631      0x399 ./SDK/platform/devices/startup.o
                              0x68980 (size before relaxing)
 .debug_str     0x0006b9ca      0x29a ./SDK/platform/devices/S32K142/startup/system_S32K142.o
                              0x6880e (size before relaxing)
 .debug_str     0x0006bc64       0xa2 ./Project_Settings/Startup_Code/startup_S32K142.o

.comment        0x00000000       0xa0
 .comment       0x00000000       0xa0 ./SDK/rtos/osif/osif_baremetal.o
                                 0xa1 (size before relaxing)
 .comment       0x000000a0       0xa1 ./SDK/platform/drivers/src/edma/edma_irq.o
 .comment       0x000000a0       0xa1 ./SDK/platform/drivers/src/edma/edma_hw_access.o
 .comment       0x000000a0       0xa1 ./SDK/platform/drivers/src/edma/edma_driver.o
 .comment       0x000000a0       0xa1 ./SDK/platform/devices/startup.o
 .comment       0x000000a0       0xa1 ./SDK/platform/devices/S32K142/startup/system_S32K142.o

.debug_frame    0x00000000      0x7e4
 .debug_frame   0x00000000       0xf4 ./SDK/rtos/osif/osif_baremetal.o
 .debug_frame   0x000000f4      0x1ac ./SDK/platform/drivers/src/edma/edma_irq.o
 .debug_frame   0x000002a0      0x140 ./SDK/platform/drivers/src/edma/edma_hw_access.o
 .debug_frame   0x000003e0      0x398 ./SDK/platform/drivers/src/edma/edma_driver.o
 .debug_frame   0x00000778       0x2c ./SDK/platform/devices/startup.o
 .debug_frame   0x000007a4       0x40 ./SDK/platform/devices/S32K142/startup/system_S32K142.o
